15:56:54 **** Incremental Build of configuration Debug for project VGA ****
make all 
'Building file: ../src/main.c'
'Invoking: MicroBlaze gcc compiler'
mb-gcc -Wall -O0 -g3 -c -fmessage-length=0 -MT"src/main.o" -I../../standalone_bsp_0/microblaze_0/include -mno-xl-reorder -mlittle-endian -mxl-barrel-shift -mxl-pattern-compare -mcpu=v11.0 -mno-xl-soft-mul -Wl,--no-relax -ffunction-sections -fdata-sections -MMD -MP -MF"src/main.d" -MT"src/main.o" -o "src/main.o" "../src/main.c"
../src/main.c:9:10: fatal error: xbram.h: No such file or directory
 #include "xbram.h"
          ^~~~~~~~~
compilation terminated.
make: *** [src/subdir.mk:23: src/main.o] Error 1
15:59:27 **** Auto Build of configuration Debug for project VGA ****
make all 
'Building file: ../src/main.c'
'Invoking: MicroBlaze gcc compiler'
mb-gcc -Wall -O0 -g3 -c -fmessage-length=0 -MT"src/main.o" -I../../standalone_bsp_0/microblaze_0/include -mno-xl-reorder -mlittle-endian -mxl-barrel-shift -mxl-pattern-compare -mcpu=v11.0 -mno-xl-soft-mul -Wl,--no-relax -ffunction-sections -fdata-sections -MMD -MP -MF"src/main.d" -MT"src/main.o" -o "src/main.o" "../src/main.c"
../src/main.c:9:10: fatal error: xbram.h: No such file or directory
 #include "xbram.h"
          ^~~~~~~~~
compilation terminated.
make: *** [src/subdir.mk:23: src/main.o] Error 1
16:02:21 **** Auto Build of project standalone_bsp_0 ****
make -k all 
"Running Make include in microblaze_0/libsrc/bram_v4_2/src"
make -C microblaze_0/libsrc/bram_v4_2/src -s include  "SHELL=CMD" "COMPILER=mb-gcc" "ARCHIVER=mb-ar" "COMPILER_FLAGS=  -O2 -c -mcpu=v11.0 -mlittle-endian -mno-xl-reorder -mno-xl-soft-mul -mxl-barrel-shift -mxl-pattern-compare" "EXTRA_COMPILER_FLAGS=-ffunction-sections -fdata-sections -Wall -Wextra"
"Running Make include in microblaze_0/libsrc/cpu_v2_8/src"
make -C microblaze_0/libsrc/cpu_v2_8/src -s include  "SHELL=CMD" "COMPILER=mb-gcc" "ARCHIVER=mb-ar" "COMPILER_FLAGS=  -O2 -c -mcpu=v11.0 -mlittle-endian -mno-xl-reorder -mno-xl-soft-mul -mxl-barrel-shift -mxl-pattern-compare" "EXTRA_COMPILER_FLAGS=-ffunction-sections -fdata-sections -Wall -Wextra"
"Running Make include in microblaze_0/libsrc/intc_v3_8/src"
make -C microblaze_0/libsrc/intc_v3_8/src -s include  "SHELL=CMD" "COMPILER=mb-gcc" "ARCHIVER=mb-ar" "COMPILER_FLAGS=  -O2 -c -mcpu=v11.0 -mlittle-endian -mno-xl-reorder -mno-xl-soft-mul -mxl-barrel-shift -mxl-pattern-compare" "EXTRA_COMPILER_FLAGS=-ffunction-sections -fdata-sections -Wall -Wextra"
"Running Make include in microblaze_0/libsrc/standalone_v6_8/src"
make -C microblaze_0/libsrc/standalone_v6_8/src -s include  "SHELL=CMD" "COMPILER=mb-gcc" "ARCHIVER=mb-ar" "COMPILER_FLAGS=  -O2 -c -mcpu=v11.0 -mlittle-endian -mno-xl-reorder -mno-xl-soft-mul -mxl-barrel-shift -mxl-pattern-compare" "EXTRA_COMPILER_FLAGS=-ffunction-sections -fdata-sections -Wall -Wextra"
"Running Make libs in microblaze_0/libsrc/bram_v4_2/src"
make -C microblaze_0/libsrc/bram_v4_2/src -s libs  "SHELL=CMD" "COMPILER=mb-gcc" "ARCHIVER=mb-ar" "COMPILER_FLAGS=  -O2 -c -mcpu=v11.0 -mlittle-endian -mno-xl-reorder -mno-xl-soft-mul -mxl-barrel-shift -mxl-pattern-compare" "EXTRA_COMPILER_FLAGS=-ffunction-sections -fdata-sections -Wall -Wextra"
"Compiling bram"
mb-ar: creating ../../../lib/libxil.a
"Running Make libs in microblaze_0/libsrc/cpu_v2_8/src"
make -C microblaze_0/libsrc/cpu_v2_8/src -s libs  "SHELL=CMD" "COMPILER=mb-gcc" "ARCHIVER=mb-ar" "COMPILER_FLAGS=  -O2 -c -mcpu=v11.0 -mlittle-endian -mno-xl-reorder -mno-xl-soft-mul -mxl-barrel-shift -mxl-pattern-compare" "EXTRA_COMPILER_FLAGS=-ffunction-sections -fdata-sections -Wall -Wextra"
"Compiling cpu"
"Running Make libs in microblaze_0/libsrc/intc_v3_8/src"
make -C microblaze_0/libsrc/intc_v3_8/src -s libs  "SHELL=CMD" "COMPILER=mb-gcc" "ARCHIVER=mb-ar" "COMPILER_FLAGS=  -O2 -c -mcpu=v11.0 -mlittle-endian -mno-xl-reorder -mno-xl-soft-mul -mxl-barrel-shift -mxl-pattern-compare" "EXTRA_COMPILER_FLAGS=-ffunction-sections -fdata-sections -Wall -Wextra"
"Compiling intc"
xintc_g.c:57:2: warning: missing initializer for field 'HandlerTable' of 'XIntc_Config {aka struct <anonymous>}' [-Wmissing-field-initializers]
  }
  ^
In file included from xintc_g.c:37:0:
xintc.h:308:25: note: 'HandlerTable' declared here
  XIntc_VectorTableEntry HandlerTable[XPAR_INTC_MAX_NUM_INTR_INPUTS];
                         ^~~~~~~~~~~~
"Running Make libs in microblaze_0/libsrc/standalone_v6_8/src"
make -C microblaze_0/libsrc/standalone_v6_8/src -s libs  "SHELL=CMD" "COMPILER=mb-gcc" "ARCHIVER=mb-ar" "COMPILER_FLAGS=  -O2 -c -mcpu=v11.0 -mlittle-endian -mno-xl-reorder -mno-xl-soft-mul -mxl-barrel-shift -mxl-pattern-compare" "EXTRA_COMPILER_FLAGS=-ffunction-sections -fdata-sections -Wall -Wextra"
"Compiling standalone";
inbyte.c: In function 'inbyte':
inbyte.c:11:1: warning: control reaches end of non-void function [-Wreturn-type]
 }
 ^
outbyte.c: In function 'outbyte':
outbyte.c:11:19: warning: unused parameter 'c' [-Wunused-parameter]
 void outbyte(char c) {
                   ^
microblaze_sleep.c:77:9: note: #pragma message: For the sleep routines, assembly instructions are used
 #pragma message ("For the sleep routines, assembly instructions are used")
         ^~~~~~~
'Finished building libraries'
16:02:26 **** Auto Build of configuration Debug for project VGA ****
make all 
'Building file: ../src/main.c'
'Invoking: MicroBlaze gcc compiler'
mb-gcc -Wall -O0 -g3 -c -fmessage-length=0 -MT"src/main.o" -I../../standalone_bsp_0/microblaze_0/include -mno-xl-reorder -mlittle-endian -mxl-barrel-shift -mxl-pattern-compare -mcpu=v11.0 -mno-xl-soft-mul -Wl,--no-relax -ffunction-sections -fdata-sections -MMD -MP -MF"src/main.d" -MT"src/main.o" -o "src/main.o" "../src/main.c"
../src/main.c:15:13: warning: 'InitializeECC' declared 'static' but never defined [-Wunused-function]
 static void InitializeECC(XBram_Config *ConfigPtr, u32 EffectiveAddr);
             ^~~~~~~~~~~~~
'Finished building: ../src/main.c'
' '
'Building target: VGA.elf'
'Invoking: MicroBlaze gcc linker'
mb-gcc -Wl,-T -Wl,../src/lscript.ld -L../../standalone_bsp_0/microblaze_0/lib -mlittle-endian -mxl-barrel-shift -mxl-pattern-compare -mcpu=v11.0 -mno-xl-soft-mul -Wl,--no-relax -Wl,--gc-sections -o "VGA.elf"  ./src/main.o   -Wl,--start-group,-lxil,-lgcc,-lc,--end-group
c:/xilinx/sdk/2018.3/gnu/microblaze/nt/bin/../lib/gcc/microblaze-xilinx-elf/7.3.1/../../../../microblaze-xilinx-elf/bin/ld.exe: VGA.elf section `.rodata' will not fit in region `microblaze_0_local_memory_ilmb_bram_if_cntlr_Mem_microblaze_0_local_memory_dlmb_bram_if_cntlr_Mem'
c:/xilinx/sdk/2018.3/gnu/microblaze/nt/bin/../lib/gcc/microblaze-xilinx-elf/7.3.1/../../../../microblaze-xilinx-elf/bin/ld.exe: region `microblaze_0_local_memory_ilmb_bram_if_cntlr_Mem_microblaze_0_local_memory_dlmb_bram_if_cntlr_Mem' overflowed by 2960 bytes
collect2.exe: error: ld returned 1 exit status
make: *** [makefile:38: VGA.elf] Error 1
16:02:42 **** Auto Build of configuration Debug for project VGA ****
make all 
'Building file: ../src/main.c'
'Invoking: MicroBlaze gcc compiler'
mb-gcc -Wall -O0 -g3 -c -fmessage-length=0 -MT"src/main.o" -I../../standalone_bsp_0/microblaze_0/include -mno-xl-reorder -mlittle-endian -mxl-barrel-shift -mxl-pattern-compare -mcpu=v11.0 -mno-xl-soft-mul -Wl,--no-relax -ffunction-sections -fdata-sections -MMD -MP -MF"src/main.d" -MT"src/main.o" -o "src/main.o" "../src/main.c"
'Finished building: ../src/main.c'
' '
'Building target: VGA.elf'
'Invoking: MicroBlaze gcc linker'
mb-gcc -Wl,-T -Wl,../src/lscript.ld -L../../standalone_bsp_0/microblaze_0/lib -mlittle-endian -mxl-barrel-shift -mxl-pattern-compare -mcpu=v11.0 -mno-xl-soft-mul -Wl,--no-relax -Wl,--gc-sections -o "VGA.elf"  ./src/main.o   -Wl,--start-group,-lxil,-lgcc,-lc,--end-group
c:/xilinx/sdk/2018.3/gnu/microblaze/nt/bin/../lib/gcc/microblaze-xilinx-elf/7.3.1/../../../../microblaze-xilinx-elf/bin/ld.exe: VGA.elf section `.rodata' will not fit in region `microblaze_0_local_memory_ilmb_bram_if_cntlr_Mem_microblaze_0_local_memory_dlmb_bram_if_cntlr_Mem'
c:/xilinx/sdk/2018.3/gnu/microblaze/nt/bin/../lib/gcc/microblaze-xilinx-elf/7.3.1/../../../../microblaze-xilinx-elf/bin/ld.exe: region `microblaze_0_local_memory_ilmb_bram_if_cntlr_Mem_microblaze_0_local_memory_dlmb_bram_if_cntlr_Mem' overflowed by 2960 bytes
collect2.exe: error: ld returned 1 exit status
make: *** [makefile:38: VGA.elf] Error 1
16:11:35 **** Clean-only build of project standalone_bsp_0 ****
make -k clean 
make -C microblaze_0/libsrc/bram_v4_2/src -s clean 
make -C microblaze_0/libsrc/cpu_v2_8/src -s clean 
make -C microblaze_0/libsrc/intc_v3_8/src -s clean 
make -C microblaze_0/libsrc/standalone_v6_8/src -s clean 
rm -f microblaze_0/lib/libxil.a
16:11:36 **** Clean-only build of configuration Debug for project VGA ****
make clean 
rm -rf  ./src/main.o  ./src/main.d  VGA.elf.size  VGA.elf
' '
16:11:36 **** Build of project standalone_bsp_0 ****
make -k all 
"Running Make include in microblaze_0/libsrc/bram_v4_2/src"
make -C microblaze_0/libsrc/bram_v4_2/src -s include  "SHELL=CMD" "COMPILER=mb-gcc" "ARCHIVER=mb-ar" "COMPILER_FLAGS=  -O2 -c -mcpu=v11.0 -mlittle-endian -mno-xl-reorder -mno-xl-soft-mul -mxl-barrel-shift -mxl-pattern-compare" "EXTRA_COMPILER_FLAGS=-ffunction-sections -fdata-sections -Wall -Wextra"
"Running Make include in microblaze_0/libsrc/cpu_v2_8/src"
make -C microblaze_0/libsrc/cpu_v2_8/src -s include  "SHELL=CMD" "COMPILER=mb-gcc" "ARCHIVER=mb-ar" "COMPILER_FLAGS=  -O2 -c -mcpu=v11.0 -mlittle-endian -mno-xl-reorder -mno-xl-soft-mul -mxl-barrel-shift -mxl-pattern-compare" "EXTRA_COMPILER_FLAGS=-ffunction-sections -fdata-sections -Wall -Wextra"
"Running Make include in microblaze_0/libsrc/intc_v3_8/src"
make -C microblaze_0/libsrc/intc_v3_8/src -s include  "SHELL=CMD" "COMPILER=mb-gcc" "ARCHIVER=mb-ar" "COMPILER_FLAGS=  -O2 -c -mcpu=v11.0 -mlittle-endian -mno-xl-reorder -mno-xl-soft-mul -mxl-barrel-shift -mxl-pattern-compare" "EXTRA_COMPILER_FLAGS=-ffunction-sections -fdata-sections -Wall -Wextra"
"Running Make include in microblaze_0/libsrc/standalone_v6_8/src"
make -C microblaze_0/libsrc/standalone_v6_8/src -s include  "SHELL=CMD" "COMPILER=mb-gcc" "ARCHIVER=mb-ar" "COMPILER_FLAGS=  -O2 -c -mcpu=v11.0 -mlittle-endian -mno-xl-reorder -mno-xl-soft-mul -mxl-barrel-shift -mxl-pattern-compare" "EXTRA_COMPILER_FLAGS=-ffunction-sections -fdata-sections -Wall -Wextra"
"Running Make libs in microblaze_0/libsrc/bram_v4_2/src"
make -C microblaze_0/libsrc/bram_v4_2/src -s libs  "SHELL=CMD" "COMPILER=mb-gcc" "ARCHIVER=mb-ar" "COMPILER_FLAGS=  -O2 -c -mcpu=v11.0 -mlittle-endian -mno-xl-reorder -mno-xl-soft-mul -mxl-barrel-shift -mxl-pattern-compare" "EXTRA_COMPILER_FLAGS=-ffunction-sections -fdata-sections -Wall -Wextra"
"Compiling bram"
mb-ar: creating ../../../lib/libxil.a
"Running Make libs in microblaze_0/libsrc/cpu_v2_8/src"
make -C microblaze_0/libsrc/cpu_v2_8/src -s libs  "SHELL=CMD" "COMPILER=mb-gcc" "ARCHIVER=mb-ar" "COMPILER_FLAGS=  -O2 -c -mcpu=v11.0 -mlittle-endian -mno-xl-reorder -mno-xl-soft-mul -mxl-barrel-shift -mxl-pattern-compare" "EXTRA_COMPILER_FLAGS=-ffunction-sections -fdata-sections -Wall -Wextra"
"Compiling cpu"
"Running Make libs in microblaze_0/libsrc/intc_v3_8/src"
make -C microblaze_0/libsrc/intc_v3_8/src -s libs  "SHELL=CMD" "COMPILER=mb-gcc" "ARCHIVER=mb-ar" "COMPILER_FLAGS=  -O2 -c -mcpu=v11.0 -mlittle-endian -mno-xl-reorder -mno-xl-soft-mul -mxl-barrel-shift -mxl-pattern-compare" "EXTRA_COMPILER_FLAGS=-ffunction-sections -fdata-sections -Wall -Wextra"
"Compiling intc"
xintc_g.c:57:2: warning: missing initializer for field 'HandlerTable' of 'XIntc_Config {aka struct <anonymous>}' [-Wmissing-field-initializers]
  }
  ^
In file included from xintc_g.c:37:0:
xintc.h:308:25: note: 'HandlerTable' declared here
  XIntc_VectorTableEntry HandlerTable[XPAR_INTC_MAX_NUM_INTR_INPUTS];
                         ^~~~~~~~~~~~
"Running Make libs in microblaze_0/libsrc/standalone_v6_8/src"
make -C microblaze_0/libsrc/standalone_v6_8/src -s libs  "SHELL=CMD" "COMPILER=mb-gcc" "ARCHIVER=mb-ar" "COMPILER_FLAGS=  -O2 -c -mcpu=v11.0 -mlittle-endian -mno-xl-reorder -mno-xl-soft-mul -mxl-barrel-shift -mxl-pattern-compare" "EXTRA_COMPILER_FLAGS=-ffunction-sections -fdata-sections -Wall -Wextra"
"Compiling standalone";
inbyte.c: In function 'inbyte':
inbyte.c:11:1: warning: control reaches end of non-void function [-Wreturn-type]
 }
 ^
outbyte.c: In function 'outbyte':
outbyte.c:11:19: warning: unused parameter 'c' [-Wunused-parameter]
 void outbyte(char c) {
                   ^
microblaze_sleep.c:77:9: note: #pragma message: For the sleep routines, assembly instructions are used
 #pragma message ("For the sleep routines, assembly instructions are used")
         ^~~~~~~
'Finished building libraries'
16:11:41 **** Build of configuration Debug for project VGA ****
make all 
'Building file: ../src/main.c'
'Invoking: MicroBlaze gcc compiler'
mb-gcc -Wall -O0 -g3 -c -fmessage-length=0 -MT"src/main.o" -I../../standalone_bsp_0/microblaze_0/include -mno-xl-reorder -mlittle-endian -mxl-barrel-shift -mxl-pattern-compare -mcpu=v11.0 -mno-xl-soft-mul -Wl,--no-relax -ffunction-sections -fdata-sections -MMD -MP -MF"src/main.d" -MT"src/main.o" -o "src/main.o" "../src/main.c"
'Finished building: ../src/main.c'
' '
'Building target: VGA.elf'
'Invoking: MicroBlaze gcc linker'
mb-gcc -Wl,-T -Wl,../src/lscript.ld -L../../standalone_bsp_0/microblaze_0/lib -mlittle-endian -mxl-barrel-shift -mxl-pattern-compare -mcpu=v11.0 -mno-xl-soft-mul -Wl,--no-relax -Wl,--gc-sections -o "VGA.elf"  ./src/main.o   -Wl,--start-group,-lxil,-lgcc,-lc,--end-group
c:/xilinx/sdk/2018.3/gnu/microblaze/nt/bin/../lib/gcc/microblaze-xilinx-elf/7.3.1/../../../../microblaze-xilinx-elf/bin/ld.exe: VGA.elf section `.rodata' will not fit in region `microblaze_0_local_memory_ilmb_bram_if_cntlr_Mem_microblaze_0_local_memory_dlmb_bram_if_cntlr_Mem'
c:/xilinx/sdk/2018.3/gnu/microblaze/nt/bin/../lib/gcc/microblaze-xilinx-elf/7.3.1/../../../../microblaze-xilinx-elf/bin/ld.exe: region `microblaze_0_local_memory_ilmb_bram_if_cntlr_Mem_microblaze_0_local_memory_dlmb_bram_if_cntlr_Mem' overflowed by 2960 bytes
collect2.exe: error: ld returned 1 exit status
make: *** [makefile:38: VGA.elf] Error 1
16:11:54 **** Clean-only build of configuration Debug for project VGA ****
make clean 
rm -rf  ./src/main.o  ./src/main.d  VGA.elf.size  VGA.elf
' '
16:11:54 **** Auto Build of configuration Debug for project VGA ****
make all 
'Building file: ../src/main.c'
'Invoking: MicroBlaze gcc compiler'
mb-gcc -Wall -O0 -g3 -c -fmessage-length=0 -MT"src/main.o" -I../../standalone_bsp_0/microblaze_0/include -mno-xl-reorder -mlittle-endian -mxl-barrel-shift -mxl-pattern-compare -mcpu=v11.0 -mno-xl-soft-mul -Wl,--no-relax -ffunction-sections -fdata-sections -MMD -MP -MF"src/main.d" -MT"src/main.o" -o "src/main.o" "../src/main.c"
'Finished building: ../src/main.c'
' '
'Building target: VGA.elf'
'Invoking: MicroBlaze gcc linker'
mb-gcc -Wl,-T -Wl,../src/lscript.ld -L../../standalone_bsp_0/microblaze_0/lib -mlittle-endian -mxl-barrel-shift -mxl-pattern-compare -mcpu=v11.0 -mno-xl-soft-mul -Wl,--no-relax -Wl,--gc-sections -o "VGA.elf"  ./src/main.o   -Wl,--start-group,-lxil,-lgcc,-lc,--end-group
'Finished building target: VGA.elf'
' '
'Invoking: MicroBlaze Print Size'
mb-size VGA.elf  |tee "VGA.elf.size"
   text	   data	    bss	    dec	    hex	filename
   8408	    524	   2172	  11104	   2b60	VGA.elf
'Finished building: VGA.elf.size'
' '
16:13:32 **** Incremental Build of configuration Debug for project VGA ****
make all 
make: Nothing to be done for 'all'.
16:13:33 **** Auto Build of configuration Debug for project VGA ****
make all 
make: Nothing to be done for 'all'.
16:20:16 **** Auto Build of configuration Debug for project VGA ****
make all 
'Building file: ../src/main.c'
'Invoking: MicroBlaze gcc compiler'
mb-gcc -Wall -O0 -g3 -c -fmessage-length=0 -MT"src/main.o" -I../../standalone_bsp_0/microblaze_0/include -mno-xl-reorder -mlittle-endian -mxl-barrel-shift -mxl-pattern-compare -mcpu=v11.0 -mno-xl-soft-mul -Wl,--no-relax -ffunction-sections -fdata-sections -MMD -MP -MF"src/main.d" -MT"src/main.o" -o "src/main.o" "../src/main.c"
../src/main.c: In function 'main':
../src/main.c:33:34: error: 'DeviceId' undeclared (first use in this function)
   ConfigPtr = XBram_LookupConfig(DeviceId);
                                  ^~~~~~~~
../src/main.c:33:34: note: each undeclared identifier is reported only once for each function it appears in
make: *** [src/subdir.mk:23: src/main.o] Error 1
16:20:28 **** Auto Build of configuration Debug for project VGA ****
make all 
'Building file: ../src/main.c'
'Invoking: MicroBlaze gcc compiler'
mb-gcc -Wall -O0 -g3 -c -fmessage-length=0 -MT"src/main.o" -I../../standalone_bsp_0/microblaze_0/include -mno-xl-reorder -mlittle-endian -mxl-barrel-shift -mxl-pattern-compare -mcpu=v11.0 -mno-xl-soft-mul -Wl,--no-relax -ffunction-sections -fdata-sections -MMD -MP -MF"src/main.d" -MT"src/main.o" -o "src/main.o" "../src/main.c"
'Finished building: ../src/main.c'
' '
'Building target: VGA.elf'
'Invoking: MicroBlaze gcc linker'
mb-gcc -Wl,-T -Wl,../src/lscript.ld -L../../standalone_bsp_0/microblaze_0/lib -mlittle-endian -mxl-barrel-shift -mxl-pattern-compare -mcpu=v11.0 -mno-xl-soft-mul -Wl,--no-relax -Wl,--gc-sections -o "VGA.elf"  ./src/main.o   -Wl,--start-group,-lxil,-lgcc,-lc,--end-group
'Finished building target: VGA.elf'
' '
'Invoking: MicroBlaze Print Size'
mb-size VGA.elf  |tee "VGA.elf.size"
   text	   data	    bss	    dec	    hex	filename
   2458	    520	   2166	   5144	   1418	VGA.elf
'Finished building: VGA.elf.size'
' '
16:20:32 **** Auto Build of configuration Debug for project VGA ****
make all 
'Building file: ../src/main.c'
'Invoking: MicroBlaze gcc compiler'
mb-gcc -Wall -O0 -g3 -c -fmessage-length=0 -MT"src/main.o" -I../../standalone_bsp_0/microblaze_0/include -mno-xl-reorder -mlittle-endian -mxl-barrel-shift -mxl-pattern-compare -mcpu=v11.0 -mno-xl-soft-mul -Wl,--no-relax -ffunction-sections -fdata-sections -MMD -MP -MF"src/main.d" -MT"src/main.o" -o "src/main.o" "../src/main.c"
'Finished building: ../src/main.c'
' '
'Building target: VGA.elf'
'Invoking: MicroBlaze gcc linker'
mb-gcc -Wl,-T -Wl,../src/lscript.ld -L../../standalone_bsp_0/microblaze_0/lib -mlittle-endian -mxl-barrel-shift -mxl-pattern-compare -mcpu=v11.0 -mno-xl-soft-mul -Wl,--no-relax -Wl,--gc-sections -o "VGA.elf"  ./src/main.o   -Wl,--start-group,-lxil,-lgcc,-lc,--end-group
'Finished building target: VGA.elf'
' '
'Invoking: MicroBlaze Print Size'
mb-size VGA.elf  |tee "VGA.elf.size"
   text	   data	    bss	    dec	    hex	filename
   2458	    520	   2166	   5144	   1418	VGA.elf
'Finished building: VGA.elf.size'
' '
16:25:55 **** Auto Build of configuration Debug for project VGA ****
make all 
'Building file: ../src/main.c'
'Invoking: MicroBlaze gcc compiler'
mb-gcc -Wall -O0 -g3 -c -fmessage-length=0 -MT"src/main.o" -I../../standalone_bsp_0/microblaze_0/include -mno-xl-reorder -mlittle-endian -mxl-barrel-shift -mxl-pattern-compare -mcpu=v11.0 -mno-xl-soft-mul -Wl,--no-relax -ffunction-sections -fdata-sections -MMD -MP -MF"src/main.d" -MT"src/main.o" -o "src/main.o" "../src/main.c"
../src/main.c: In function 'main':
../src/main.c:44:26: warning: left-hand operand of comma expression has no effect [-Wunused-value]
  for(idx = 0; idx < 38400, idx++)
                          ^
../src/main.c:44:33: error: expected ';' before ')' token
  for(idx = 0; idx < 38400, idx++)
                                 ^
make: *** [src/subdir.mk:23: src/main.o] Error 1
16:26:02 **** Auto Build of configuration Debug for project VGA ****
make all 
'Building file: ../src/main.c'
'Invoking: MicroBlaze gcc compiler'
mb-gcc -Wall -O0 -g3 -c -fmessage-length=0 -MT"src/main.o" -I../../standalone_bsp_0/microblaze_0/include -mno-xl-reorder -mlittle-endian -mxl-barrel-shift -mxl-pattern-compare -mcpu=v11.0 -mno-xl-soft-mul -Wl,--no-relax -ffunction-sections -fdata-sections -MMD -MP -MF"src/main.d" -MT"src/main.o" -o "src/main.o" "../src/main.c"
'Finished building: ../src/main.c'
' '
'Building target: VGA.elf'
'Invoking: MicroBlaze gcc linker'
mb-gcc -Wl,-T -Wl,../src/lscript.ld -L../../standalone_bsp_0/microblaze_0/lib -mlittle-endian -mxl-barrel-shift -mxl-pattern-compare -mcpu=v11.0 -mno-xl-soft-mul -Wl,--no-relax -Wl,--gc-sections -o "VGA.elf"  ./src/main.o   -Wl,--start-group,-lxil,-lgcc,-lc,--end-group
'Finished building target: VGA.elf'
' '
'Invoking: MicroBlaze Print Size'
mb-size VGA.elf  |tee "VGA.elf.size"
   text	   data	    bss	    dec	    hex	filename
   2594	    520	   2166	   5280	   14a0	VGA.elf
'Finished building: VGA.elf.size'
' '
16:28:23 **** Incremental Build of configuration Debug for project VGA ****
make all 
make: Nothing to be done for 'all'.
16:28:38 **** Auto Build of configuration Debug for project VGA ****
make all 
'Building file: ../src/main.c'
'Invoking: MicroBlaze gcc compiler'
mb-gcc -Wall -O0 -g3 -c -fmessage-length=0 -MT"src/main.o" -I../../standalone_bsp_0/microblaze_0/include -mno-xl-reorder -mlittle-endian -mxl-barrel-shift -mxl-pattern-compare -mcpu=v11.0 -mno-xl-soft-mul -Wl,--no-relax -ffunction-sections -fdata-sections -MMD -MP -MF"src/main.d" -MT"src/main.o" -o "src/main.o" "../src/main.c"
'Finished building: ../src/main.c'
' '
'Building target: VGA.elf'
'Invoking: MicroBlaze gcc linker'
mb-gcc -Wl,-T -Wl,../src/lscript.ld -L../../standalone_bsp_0/microblaze_0/lib -mlittle-endian -mxl-barrel-shift -mxl-pattern-compare -mcpu=v11.0 -mno-xl-soft-mul -Wl,--no-relax -Wl,--gc-sections -o "VGA.elf"  ./src/main.o   -Wl,--start-group,-lxil,-lgcc,-lc,--end-group
'Finished building target: VGA.elf'
' '
'Invoking: MicroBlaze Print Size'
mb-size VGA.elf  |tee "VGA.elf.size"
   text	   data	    bss	    dec	    hex	filename
   2594	    520	   2166	   5280	   14a0	VGA.elf
'Finished building: VGA.elf.size'
' '
16:28:41 **** Incremental Build of configuration Debug for project VGA ****
make all 
make: Nothing to be done for 'all'.
16:29:03 **** Auto Build of configuration Debug for project VGA ****
make all 
'Building file: ../src/main.c'
'Invoking: MicroBlaze gcc compiler'
mb-gcc -Wall -O0 -g3 -c -fmessage-length=0 -MT"src/main.o" -I../../standalone_bsp_0/microblaze_0/include -mno-xl-reorder -mlittle-endian -mxl-barrel-shift -mxl-pattern-compare -mcpu=v11.0 -mno-xl-soft-mul -Wl,--no-relax -ffunction-sections -fdata-sections -MMD -MP -MF"src/main.d" -MT"src/main.o" -o "src/main.o" "../src/main.c"
'Finished building: ../src/main.c'
' '
'Building target: VGA.elf'
'Invoking: MicroBlaze gcc linker'
mb-gcc -Wl,-T -Wl,../src/lscript.ld -L../../standalone_bsp_0/microblaze_0/lib -mlittle-endian -mxl-barrel-shift -mxl-pattern-compare -mcpu=v11.0 -mno-xl-soft-mul -Wl,--no-relax -Wl,--gc-sections -o "VGA.elf"  ./src/main.o   -Wl,--start-group,-lxil,-lgcc,-lc,--end-group
'Finished building target: VGA.elf'
' '
'Invoking: MicroBlaze Print Size'
mb-size VGA.elf  |tee "VGA.elf.size"
   text	   data	    bss	    dec	    hex	filename
   2594	    520	   2166	   5280	   14a0	VGA.elf
'Finished building: VGA.elf.size'
' '
16:29:05 **** Incremental Build of configuration Debug for project VGA ****
make all 
make: Nothing to be done for 'all'.
16:29:12 **** Auto Build of configuration Debug for project VGA ****
make all 
'Building file: ../src/main.c'
'Invoking: MicroBlaze gcc compiler'
mb-gcc -Wall -O0 -g3 -c -fmessage-length=0 -MT"src/main.o" -I../../standalone_bsp_0/microblaze_0/include -mno-xl-reorder -mlittle-endian -mxl-barrel-shift -mxl-pattern-compare -mcpu=v11.0 -mno-xl-soft-mul -Wl,--no-relax -ffunction-sections -fdata-sections -MMD -MP -MF"src/main.d" -MT"src/main.o" -o "src/main.o" "../src/main.c"
'Finished building: ../src/main.c'
' '
'Building target: VGA.elf'
'Invoking: MicroBlaze gcc linker'
mb-gcc -Wl,-T -Wl,../src/lscript.ld -L../../standalone_bsp_0/microblaze_0/lib -mlittle-endian -mxl-barrel-shift -mxl-pattern-compare -mcpu=v11.0 -mno-xl-soft-mul -Wl,--no-relax -Wl,--gc-sections -o "VGA.elf"  ./src/main.o   -Wl,--start-group,-lxil,-lgcc,-lc,--end-group
'Finished building target: VGA.elf'
' '
'Invoking: MicroBlaze Print Size'
mb-size VGA.elf  |tee "VGA.elf.size"
   text	   data	    bss	    dec	    hex	filename
   2594	    520	   2166	   5280	   14a0	VGA.elf
'Finished building: VGA.elf.size'
' '
16:29:14 **** Incremental Build of configuration Debug for project VGA ****
make all 
make: Nothing to be done for 'all'.
16:30:56 **** Auto Build of configuration Debug for project VGA ****
make all 
'Building file: ../src/main.c'
'Invoking: MicroBlaze gcc compiler'
mb-gcc -Wall -O0 -g3 -c -fmessage-length=0 -MT"src/main.o" -I../../standalone_bsp_0/microblaze_0/include -mno-xl-reorder -mlittle-endian -mxl-barrel-shift -mxl-pattern-compare -mcpu=v11.0 -mno-xl-soft-mul -Wl,--no-relax -ffunction-sections -fdata-sections -MMD -MP -MF"src/main.d" -MT"src/main.o" -o "src/main.o" "../src/main.c"
'Finished building: ../src/main.c'
' '
'Building target: VGA.elf'
'Invoking: MicroBlaze gcc linker'
mb-gcc -Wl,-T -Wl,../src/lscript.ld -L../../standalone_bsp_0/microblaze_0/lib -mlittle-endian -mxl-barrel-shift -mxl-pattern-compare -mcpu=v11.0 -mno-xl-soft-mul -Wl,--no-relax -Wl,--gc-sections -o "VGA.elf"  ./src/main.o   -Wl,--start-group,-lxil,-lgcc,-lc,--end-group
'Finished building target: VGA.elf'
' '
'Invoking: MicroBlaze Print Size'
mb-size VGA.elf  |tee "VGA.elf.size"
   text	   data	    bss	    dec	    hex	filename
   2598	    520	   2162	   5280	   14a0	VGA.elf
'Finished building: VGA.elf.size'
' '
16:30:58 **** Incremental Build of configuration Debug for project VGA ****
make all 
make: Nothing to be done for 'all'.
16:32:13 **** Auto Build of configuration Debug for project VGA ****
make all 
'Building file: ../src/main.c'
'Invoking: MicroBlaze gcc compiler'
mb-gcc -Wall -O0 -g3 -c -fmessage-length=0 -MT"src/main.o" -I../../standalone_bsp_0/microblaze_0/include -mno-xl-reorder -mlittle-endian -mxl-barrel-shift -mxl-pattern-compare -mcpu=v11.0 -mno-xl-soft-mul -Wl,--no-relax -ffunction-sections -fdata-sections -MMD -MP -MF"src/main.d" -MT"src/main.o" -o "src/main.o" "../src/main.c"
'Finished building: ../src/main.c'
' '
'Building target: VGA.elf'
'Invoking: MicroBlaze gcc linker'
mb-gcc -Wl,-T -Wl,../src/lscript.ld -L../../standalone_bsp_0/microblaze_0/lib -mlittle-endian -mxl-barrel-shift -mxl-pattern-compare -mcpu=v11.0 -mno-xl-soft-mul -Wl,--no-relax -Wl,--gc-sections -o "VGA.elf"  ./src/main.o   -Wl,--start-group,-lxil,-lgcc,-lc,--end-group
'Finished building target: VGA.elf'
' '
'Invoking: MicroBlaze Print Size'
mb-size VGA.elf  |tee "VGA.elf.size"
   text	   data	    bss	    dec	    hex	filename
   2598	    520	   2162	   5280	   14a0	VGA.elf
'Finished building: VGA.elf.size'
' '
16:32:16 **** Incremental Build of configuration Debug for project VGA ****
make all 
make: Nothing to be done for 'all'.
16:32:24 **** Auto Build of configuration Debug for project VGA ****
make all 
'Building file: ../src/main.c'
'Invoking: MicroBlaze gcc compiler'
mb-gcc -Wall -O0 -g3 -c -fmessage-length=0 -MT"src/main.o" -I../../standalone_bsp_0/microblaze_0/include -mno-xl-reorder -mlittle-endian -mxl-barrel-shift -mxl-pattern-compare -mcpu=v11.0 -mno-xl-soft-mul -Wl,--no-relax -ffunction-sections -fdata-sections -MMD -MP -MF"src/main.d" -MT"src/main.o" -o "src/main.o" "../src/main.c"
'Finished building: ../src/main.c'
' '
'Building target: VGA.elf'
'Invoking: MicroBlaze gcc linker'
mb-gcc -Wl,-T -Wl,../src/lscript.ld -L../../standalone_bsp_0/microblaze_0/lib -mlittle-endian -mxl-barrel-shift -mxl-pattern-compare -mcpu=v11.0 -mno-xl-soft-mul -Wl,--no-relax -Wl,--gc-sections -o "VGA.elf"  ./src/main.o   -Wl,--start-group,-lxil,-lgcc,-lc,--end-group
'Finished building target: VGA.elf'
' '
'Invoking: MicroBlaze Print Size'
mb-size VGA.elf  |tee "VGA.elf.size"
   text	   data	    bss	    dec	    hex	filename
   2598	    520	   2162	   5280	   14a0	VGA.elf
'Finished building: VGA.elf.size'
' '
16:32:28 **** Incremental Build of configuration Debug for project VGA ****
make all 
make: Nothing to be done for 'all'.
16:33:01 **** Auto Build of configuration Debug for project VGA ****
make all 
'Building file: ../src/main.c'
'Invoking: MicroBlaze gcc compiler'
mb-gcc -Wall -O0 -g3 -c -fmessage-length=0 -MT"src/main.o" -I../../standalone_bsp_0/microblaze_0/include -mno-xl-reorder -mlittle-endian -mxl-barrel-shift -mxl-pattern-compare -mcpu=v11.0 -mno-xl-soft-mul -Wl,--no-relax -ffunction-sections -fdata-sections -MMD -MP -MF"src/main.d" -MT"src/main.o" -o "src/main.o" "../src/main.c"
'Finished building: ../src/main.c'
' '
'Building target: VGA.elf'
'Invoking: MicroBlaze gcc linker'
mb-gcc -Wl,-T -Wl,../src/lscript.ld -L../../standalone_bsp_0/microblaze_0/lib -mlittle-endian -mxl-barrel-shift -mxl-pattern-compare -mcpu=v11.0 -mno-xl-soft-mul -Wl,--no-relax -Wl,--gc-sections -o "VGA.elf"  ./src/main.o   -Wl,--start-group,-lxil,-lgcc,-lc,--end-group
'Finished building target: VGA.elf'
' '
'Invoking: MicroBlaze Print Size'
mb-size VGA.elf  |tee "VGA.elf.size"
   text	   data	    bss	    dec	    hex	filename
   2594	    520	   2166	   5280	   14a0	VGA.elf
'Finished building: VGA.elf.size'
' '
16:33:04 **** Incremental Build of configuration Debug for project VGA ****
make all 
make: Nothing to be done for 'all'.
16:53:42 **** Auto Build of configuration Debug for project VGA ****
make all 
'Building file: ../src/main.c'
'Invoking: MicroBlaze gcc compiler'
mb-gcc -Wall -O0 -g3 -c -fmessage-length=0 -MT"src/main.o" -I../../standalone_bsp_0/microblaze_0/include -mno-xl-reorder -mlittle-endian -mxl-barrel-shift -mxl-pattern-compare -mcpu=v11.0 -mno-xl-soft-mul -Wl,--no-relax -ffunction-sections -fdata-sections -MMD -MP -MF"src/main.d" -MT"src/main.o" -o "src/main.o" "../src/main.c"
'Finished building: ../src/main.c'
' '
'Building target: VGA.elf'
'Invoking: MicroBlaze gcc linker'
mb-gcc -Wl,-T -Wl,../src/lscript.ld -L../../standalone_bsp_0/microblaze_0/lib -mlittle-endian -mxl-barrel-shift -mxl-pattern-compare -mcpu=v11.0 -mno-xl-soft-mul -Wl,--no-relax -Wl,--gc-sections -o "VGA.elf"  ./src/main.o   -Wl,--start-group,-lxil,-lgcc,-lc,--end-group
'Finished building target: VGA.elf'
' '
'Invoking: MicroBlaze Print Size'
mb-size VGA.elf  |tee "VGA.elf.size"
   text	   data	    bss	    dec	    hex	filename
   2594	    520	   2166	   5280	   14a0	VGA.elf
'Finished building: VGA.elf.size'
' '
16:53:44 **** Incremental Build of configuration Debug for project VGA ****
make all 
make: Nothing to be done for 'all'.
16:54:39 **** Auto Build of configuration Debug for project VGA ****
make all 
'Building file: ../src/main.c'
'Invoking: MicroBlaze gcc compiler'
mb-gcc -Wall -O0 -g3 -c -fmessage-length=0 -MT"src/main.o" -I../../standalone_bsp_0/microblaze_0/include -mno-xl-reorder -mlittle-endian -mxl-barrel-shift -mxl-pattern-compare -mcpu=v11.0 -mno-xl-soft-mul -Wl,--no-relax -ffunction-sections -fdata-sections -MMD -MP -MF"src/main.d" -MT"src/main.o" -o "src/main.o" "../src/main.c"
'Finished building: ../src/main.c'
' '
'Building target: VGA.elf'
'Invoking: MicroBlaze gcc linker'
mb-gcc -Wl,-T -Wl,../src/lscript.ld -L../../standalone_bsp_0/microblaze_0/lib -mlittle-endian -mxl-barrel-shift -mxl-pattern-compare -mcpu=v11.0 -mno-xl-soft-mul -Wl,--no-relax -Wl,--gc-sections -o "VGA.elf"  ./src/main.o   -Wl,--start-group,-lxil,-lgcc,-lc,--end-group
'Finished building target: VGA.elf'
' '
'Invoking: MicroBlaze Print Size'
mb-size VGA.elf  |tee "VGA.elf.size"
   text	   data	    bss	    dec	    hex	filename
   2594	    520	   2166	   5280	   14a0	VGA.elf
'Finished building: VGA.elf.size'
' '
16:54:41 **** Incremental Build of configuration Debug for project VGA ****
make all 
make: Nothing to be done for 'all'.
16:54:51 **** Auto Build of configuration Debug for project VGA ****
make all 
'Building file: ../src/main.c'
'Invoking: MicroBlaze gcc compiler'
mb-gcc -Wall -O0 -g3 -c -fmessage-length=0 -MT"src/main.o" -I../../standalone_bsp_0/microblaze_0/include -mno-xl-reorder -mlittle-endian -mxl-barrel-shift -mxl-pattern-compare -mcpu=v11.0 -mno-xl-soft-mul -Wl,--no-relax -ffunction-sections -fdata-sections -MMD -MP -MF"src/main.d" -MT"src/main.o" -o "src/main.o" "../src/main.c"
'Finished building: ../src/main.c'
' '
'Building target: VGA.elf'
'Invoking: MicroBlaze gcc linker'
mb-gcc -Wl,-T -Wl,../src/lscript.ld -L../../standalone_bsp_0/microblaze_0/lib -mlittle-endian -mxl-barrel-shift -mxl-pattern-compare -mcpu=v11.0 -mno-xl-soft-mul -Wl,--no-relax -Wl,--gc-sections -o "VGA.elf"  ./src/main.o   -Wl,--start-group,-lxil,-lgcc,-lc,--end-group
'Finished building target: VGA.elf'
' '
'Invoking: MicroBlaze Print Size'
mb-size VGA.elf  |tee "VGA.elf.size"
   text	   data	    bss	    dec	    hex	filename
   2594	    520	   2166	   5280	   14a0	VGA.elf
'Finished building: VGA.elf.size'
' '
16:54:54 **** Incremental Build of configuration Debug for project VGA ****
make all 
make: Nothing to be done for 'all'.
16:56:15 **** Auto Build of configuration Debug for project VGA ****
make all 
'Building file: ../src/main.c'
'Invoking: MicroBlaze gcc compiler'
mb-gcc -Wall -O0 -g3 -c -fmessage-length=0 -MT"src/main.o" -I../../standalone_bsp_0/microblaze_0/include -mno-xl-reorder -mlittle-endian -mxl-barrel-shift -mxl-pattern-compare -mcpu=v11.0 -mno-xl-soft-mul -Wl,--no-relax -ffunction-sections -fdata-sections -MMD -MP -MF"src/main.d" -MT"src/main.o" -o "src/main.o" "../src/main.c"
'Finished building: ../src/main.c'
' '
'Building target: VGA.elf'
'Invoking: MicroBlaze gcc linker'
mb-gcc -Wl,-T -Wl,../src/lscript.ld -L../../standalone_bsp_0/microblaze_0/lib -mlittle-endian -mxl-barrel-shift -mxl-pattern-compare -mcpu=v11.0 -mno-xl-soft-mul -Wl,--no-relax -Wl,--gc-sections -o "VGA.elf"  ./src/main.o   -Wl,--start-group,-lxil,-lgcc,-lc,--end-group
'Finished building target: VGA.elf'
' '
'Invoking: MicroBlaze Print Size'
mb-size VGA.elf  |tee "VGA.elf.size"
   text	   data	    bss	    dec	    hex	filename
   2590	    520	   2162	   5272	   1498	VGA.elf
'Finished building: VGA.elf.size'
' '
16:56:16 **** Incremental Build of configuration Debug for project VGA ****
make all 
make: Nothing to be done for 'all'.
16:56:33 **** Auto Build of configuration Debug for project VGA ****
make all 
'Building file: ../src/main.c'
'Invoking: MicroBlaze gcc compiler'
mb-gcc -Wall -O0 -g3 -c -fmessage-length=0 -MT"src/main.o" -I../../standalone_bsp_0/microblaze_0/include -mno-xl-reorder -mlittle-endian -mxl-barrel-shift -mxl-pattern-compare -mcpu=v11.0 -mno-xl-soft-mul -Wl,--no-relax -ffunction-sections -fdata-sections -MMD -MP -MF"src/main.d" -MT"src/main.o" -o "src/main.o" "../src/main.c"
'Finished building: ../src/main.c'
' '
'Building target: VGA.elf'
'Invoking: MicroBlaze gcc linker'
mb-gcc -Wl,-T -Wl,../src/lscript.ld -L../../standalone_bsp_0/microblaze_0/lib -mlittle-endian -mxl-barrel-shift -mxl-pattern-compare -mcpu=v11.0 -mno-xl-soft-mul -Wl,--no-relax -Wl,--gc-sections -o "VGA.elf"  ./src/main.o   -Wl,--start-group,-lxil,-lgcc,-lc,--end-group
'Finished building target: VGA.elf'
' '
'Invoking: MicroBlaze Print Size'
mb-size VGA.elf  |tee "VGA.elf.size"
   text	   data	    bss	    dec	    hex	filename
   2590	    520	   2162	   5272	   1498	VGA.elf
'Finished building: VGA.elf.size'
' '
16:56:34 **** Incremental Build of configuration Debug for project VGA ****
make all 
make: Nothing to be done for 'all'.
16:56:44 **** Auto Build of configuration Debug for project VGA ****
make all 
'Building file: ../src/main.c'
'Invoking: MicroBlaze gcc compiler'
mb-gcc -Wall -O0 -g3 -c -fmessage-length=0 -MT"src/main.o" -I../../standalone_bsp_0/microblaze_0/include -mno-xl-reorder -mlittle-endian -mxl-barrel-shift -mxl-pattern-compare -mcpu=v11.0 -mno-xl-soft-mul -Wl,--no-relax -ffunction-sections -fdata-sections -MMD -MP -MF"src/main.d" -MT"src/main.o" -o "src/main.o" "../src/main.c"
'Finished building: ../src/main.c'
' '
'Building target: VGA.elf'
'Invoking: MicroBlaze gcc linker'
mb-gcc -Wl,-T -Wl,../src/lscript.ld -L../../standalone_bsp_0/microblaze_0/lib -mlittle-endian -mxl-barrel-shift -mxl-pattern-compare -mcpu=v11.0 -mno-xl-soft-mul -Wl,--no-relax -Wl,--gc-sections -o "VGA.elf"  ./src/main.o   -Wl,--start-group,-lxil,-lgcc,-lc,--end-group
'Finished building target: VGA.elf'
' '
'Invoking: MicroBlaze Print Size'
mb-size VGA.elf  |tee "VGA.elf.size"
   text	   data	    bss	    dec	    hex	filename
   2590	    520	   2162	   5272	   1498	VGA.elf
'Finished building: VGA.elf.size'
' '
16:56:46 **** Incremental Build of configuration Debug for project VGA ****
make all 
make: Nothing to be done for 'all'.
16:56:59 **** Auto Build of configuration Debug for project VGA ****
make all 
'Building file: ../src/main.c'
'Invoking: MicroBlaze gcc compiler'
mb-gcc -Wall -O0 -g3 -c -fmessage-length=0 -MT"src/main.o" -I../../standalone_bsp_0/microblaze_0/include -mno-xl-reorder -mlittle-endian -mxl-barrel-shift -mxl-pattern-compare -mcpu=v11.0 -mno-xl-soft-mul -Wl,--no-relax -ffunction-sections -fdata-sections -MMD -MP -MF"src/main.d" -MT"src/main.o" -o "src/main.o" "../src/main.c"
'Finished building: ../src/main.c'
' '
'Building target: VGA.elf'
'Invoking: MicroBlaze gcc linker'
mb-gcc -Wl,-T -Wl,../src/lscript.ld -L../../standalone_bsp_0/microblaze_0/lib -mlittle-endian -mxl-barrel-shift -mxl-pattern-compare -mcpu=v11.0 -mno-xl-soft-mul -Wl,--no-relax -Wl,--gc-sections -o "VGA.elf"  ./src/main.o   -Wl,--start-group,-lxil,-lgcc,-lc,--end-group
'Finished building target: VGA.elf'
' '
'Invoking: MicroBlaze Print Size'
mb-size VGA.elf  |tee "VGA.elf.size"
   text	   data	    bss	    dec	    hex	filename
   2594	    520	   2166	   5280	   14a0	VGA.elf
'Finished building: VGA.elf.size'
' '
16:57:00 **** Incremental Build of configuration Debug for project VGA ****
make all 
make: Nothing to be done for 'all'.
16:58:37 **** Auto Build of configuration Debug for project VGA ****
make all 
'Building file: ../src/main.c'
'Invoking: MicroBlaze gcc compiler'
mb-gcc -Wall -O0 -g3 -c -fmessage-length=0 -MT"src/main.o" -I../../standalone_bsp_0/microblaze_0/include -mno-xl-reorder -mlittle-endian -mxl-barrel-shift -mxl-pattern-compare -mcpu=v11.0 -mno-xl-soft-mul -Wl,--no-relax -ffunction-sections -fdata-sections -MMD -MP -MF"src/main.d" -MT"src/main.o" -o "src/main.o" "../src/main.c"
'Finished building: ../src/main.c'
' '
'Building target: VGA.elf'
'Invoking: MicroBlaze gcc linker'
mb-gcc -Wl,-T -Wl,../src/lscript.ld -L../../standalone_bsp_0/microblaze_0/lib -mlittle-endian -mxl-barrel-shift -mxl-pattern-compare -mcpu=v11.0 -mno-xl-soft-mul -Wl,--no-relax -Wl,--gc-sections -o "VGA.elf"  ./src/main.o   -Wl,--start-group,-lxil,-lgcc,-lc,--end-group
'Finished building target: VGA.elf'
' '
'Invoking: MicroBlaze Print Size'
mb-size VGA.elf  |tee "VGA.elf.size"
   text	   data	    bss	    dec	    hex	filename
   2598	    520	   2162	   5280	   14a0	VGA.elf
'Finished building: VGA.elf.size'
' '
16:58:39 **** Incremental Build of configuration Debug for project VGA ****
make all 
make: Nothing to be done for 'all'.
16:58:47 **** Auto Build of configuration Debug for project VGA ****
make all 
'Building file: ../src/main.c'
'Invoking: MicroBlaze gcc compiler'
mb-gcc -Wall -O0 -g3 -c -fmessage-length=0 -MT"src/main.o" -I../../standalone_bsp_0/microblaze_0/include -mno-xl-reorder -mlittle-endian -mxl-barrel-shift -mxl-pattern-compare -mcpu=v11.0 -mno-xl-soft-mul -Wl,--no-relax -ffunction-sections -fdata-sections -MMD -MP -MF"src/main.d" -MT"src/main.o" -o "src/main.o" "../src/main.c"
'Finished building: ../src/main.c'
' '
'Building target: VGA.elf'
'Invoking: MicroBlaze gcc linker'
mb-gcc -Wl,-T -Wl,../src/lscript.ld -L../../standalone_bsp_0/microblaze_0/lib -mlittle-endian -mxl-barrel-shift -mxl-pattern-compare -mcpu=v11.0 -mno-xl-soft-mul -Wl,--no-relax -Wl,--gc-sections -o "VGA.elf"  ./src/main.o   -Wl,--start-group,-lxil,-lgcc,-lc,--end-group
'Finished building target: VGA.elf'
' '
'Invoking: MicroBlaze Print Size'
mb-size VGA.elf  |tee "VGA.elf.size"
   text	   data	    bss	    dec	    hex	filename
   2594	    520	   2166	   5280	   14a0	VGA.elf
'Finished building: VGA.elf.size'
' '
16:59:02 **** Auto Build of configuration Debug for project VGA ****
make all 
'Building file: ../src/main.c'
'Invoking: MicroBlaze gcc compiler'
mb-gcc -Wall -O0 -g3 -c -fmessage-length=0 -MT"src/main.o" -I../../standalone_bsp_0/microblaze_0/include -mno-xl-reorder -mlittle-endian -mxl-barrel-shift -mxl-pattern-compare -mcpu=v11.0 -mno-xl-soft-mul -Wl,--no-relax -ffunction-sections -fdata-sections -MMD -MP -MF"src/main.d" -MT"src/main.o" -o "src/main.o" "../src/main.c"
'Finished building: ../src/main.c'
' '
'Building target: VGA.elf'
'Invoking: MicroBlaze gcc linker'
mb-gcc -Wl,-T -Wl,../src/lscript.ld -L../../standalone_bsp_0/microblaze_0/lib -mlittle-endian -mxl-barrel-shift -mxl-pattern-compare -mcpu=v11.0 -mno-xl-soft-mul -Wl,--no-relax -Wl,--gc-sections -o "VGA.elf"  ./src/main.o   -Wl,--start-group,-lxil,-lgcc,-lc,--end-group
'Finished building target: VGA.elf'
' '
'Invoking: MicroBlaze Print Size'
mb-size VGA.elf  |tee "VGA.elf.size"
   text	   data	    bss	    dec	    hex	filename
   2594	    520	   2166	   5280	   14a0	VGA.elf
'Finished building: VGA.elf.size'
' '
16:59:08 **** Auto Build of configuration Debug for project VGA ****
make all 
'Building file: ../src/main.c'
'Invoking: MicroBlaze gcc compiler'
mb-gcc -Wall -O0 -g3 -c -fmessage-length=0 -MT"src/main.o" -I../../standalone_bsp_0/microblaze_0/include -mno-xl-reorder -mlittle-endian -mxl-barrel-shift -mxl-pattern-compare -mcpu=v11.0 -mno-xl-soft-mul -Wl,--no-relax -ffunction-sections -fdata-sections -MMD -MP -MF"src/main.d" -MT"src/main.o" -o "src/main.o" "../src/main.c"
In file included from ../../standalone_bsp_0/microblaze_0/include/xbram.h:135:0,
                 from ../src/main.c:9:
../src/main.c: In function 'main':
../src/main.c:46:39: error: invalid suffix "_0000" on integer constant
   XBram_WriteReg(BRAM_BASE_ADDR, idx, 0xF000_0000);
                                       ^
../../standalone_bsp_0/microblaze_0/include/xbram_hw.h:375:49: note: in definition of macro 'XBram_WriteReg'
  XBram_Out32((BaseAddress) + (RegOffset), (u32)(Data))
                                                 ^~~~
make: *** [src/subdir.mk:23: src/main.o] Error 1
16:59:10 **** Auto Build of configuration Debug for project VGA ****
make all 
'Building file: ../src/main.c'
'Invoking: MicroBlaze gcc compiler'
mb-gcc -Wall -O0 -g3 -c -fmessage-length=0 -MT"src/main.o" -I../../standalone_bsp_0/microblaze_0/include -mno-xl-reorder -mlittle-endian -mxl-barrel-shift -mxl-pattern-compare -mcpu=v11.0 -mno-xl-soft-mul -Wl,--no-relax -ffunction-sections -fdata-sections -MMD -MP -MF"src/main.d" -MT"src/main.o" -o "src/main.o" "../src/main.c"
'Finished building: ../src/main.c'
' '
'Building target: VGA.elf'
'Invoking: MicroBlaze gcc linker'
mb-gcc -Wl,-T -Wl,../src/lscript.ld -L../../standalone_bsp_0/microblaze_0/lib -mlittle-endian -mxl-barrel-shift -mxl-pattern-compare -mcpu=v11.0 -mno-xl-soft-mul -Wl,--no-relax -Wl,--gc-sections -o "VGA.elf"  ./src/main.o   -Wl,--start-group,-lxil,-lgcc,-lc,--end-group
'Finished building target: VGA.elf'
' '
'Invoking: MicroBlaze Print Size'
mb-size VGA.elf  |tee "VGA.elf.size"
   text	   data	    bss	    dec	    hex	filename
   2598	    520	   2162	   5280	   14a0	VGA.elf
'Finished building: VGA.elf.size'
' '
16:59:12 **** Incremental Build of configuration Debug for project VGA ****
make all 
make: Nothing to be done for 'all'.
10:14:01 **** Auto Build of project standalone_bsp_0 ****
make -k all 
"Running Make include in microblaze_0/libsrc/bram_v4_2/src"
make -C microblaze_0/libsrc/bram_v4_2/src -s include  "SHELL=CMD" "COMPILER=mb-gcc" "ARCHIVER=mb-ar" "COMPILER_FLAGS=  -O2 -c -mcpu=v11.0 -mlittle-endian -mno-xl-reorder -mno-xl-soft-mul -mxl-barrel-shift -mxl-pattern-compare" "EXTRA_COMPILER_FLAGS=-ffunction-sections -fdata-sections -Wall -Wextra"
"Running Make include in microblaze_0/libsrc/cpu_v2_8/src"
make -C microblaze_0/libsrc/cpu_v2_8/src -s include  "SHELL=CMD" "COMPILER=mb-gcc" "ARCHIVER=mb-ar" "COMPILER_FLAGS=  -O2 -c -mcpu=v11.0 -mlittle-endian -mno-xl-reorder -mno-xl-soft-mul -mxl-barrel-shift -mxl-pattern-compare" "EXTRA_COMPILER_FLAGS=-ffunction-sections -fdata-sections -Wall -Wextra"
"Running Make include in microblaze_0/libsrc/intc_v3_8/src"
make -C microblaze_0/libsrc/intc_v3_8/src -s include  "SHELL=CMD" "COMPILER=mb-gcc" "ARCHIVER=mb-ar" "COMPILER_FLAGS=  -O2 -c -mcpu=v11.0 -mlittle-endian -mno-xl-reorder -mno-xl-soft-mul -mxl-barrel-shift -mxl-pattern-compare" "EXTRA_COMPILER_FLAGS=-ffunction-sections -fdata-sections -Wall -Wextra"
"Running Make include in microblaze_0/libsrc/standalone_v6_8/src"
make -C microblaze_0/libsrc/standalone_v6_8/src -s include  "SHELL=CMD" "COMPILER=mb-gcc" "ARCHIVER=mb-ar" "COMPILER_FLAGS=  -O2 -c -mcpu=v11.0 -mlittle-endian -mno-xl-reorder -mno-xl-soft-mul -mxl-barrel-shift -mxl-pattern-compare" "EXTRA_COMPILER_FLAGS=-ffunction-sections -fdata-sections -Wall -Wextra"
"Running Make libs in microblaze_0/libsrc/bram_v4_2/src"
make -C microblaze_0/libsrc/bram_v4_2/src -s libs  "SHELL=CMD" "COMPILER=mb-gcc" "ARCHIVER=mb-ar" "COMPILER_FLAGS=  -O2 -c -mcpu=v11.0 -mlittle-endian -mno-xl-reorder -mno-xl-soft-mul -mxl-barrel-shift -mxl-pattern-compare" "EXTRA_COMPILER_FLAGS=-ffunction-sections -fdata-sections -Wall -Wextra"
"Compiling bram"
"Running Make libs in microblaze_0/libsrc/cpu_v2_8/src"
make -C microblaze_0/libsrc/cpu_v2_8/src -s libs  "SHELL=CMD" "COMPILER=mb-gcc" "ARCHIVER=mb-ar" "COMPILER_FLAGS=  -O2 -c -mcpu=v11.0 -mlittle-endian -mno-xl-reorder -mno-xl-soft-mul -mxl-barrel-shift -mxl-pattern-compare" "EXTRA_COMPILER_FLAGS=-ffunction-sections -fdata-sections -Wall -Wextra"
"Compiling cpu"
"Running Make libs in microblaze_0/libsrc/intc_v3_8/src"
make -C microblaze_0/libsrc/intc_v3_8/src -s libs  "SHELL=CMD" "COMPILER=mb-gcc" "ARCHIVER=mb-ar" "COMPILER_FLAGS=  -O2 -c -mcpu=v11.0 -mlittle-endian -mno-xl-reorder -mno-xl-soft-mul -mxl-barrel-shift -mxl-pattern-compare" "EXTRA_COMPILER_FLAGS=-ffunction-sections -fdata-sections -Wall -Wextra"
"Compiling intc"
xintc_g.c:57:2: warning: missing initializer for field 'HandlerTable' of 'XIntc_Config {aka struct <anonymous>}' [-Wmissing-field-initializers]
  }
  ^
In file included from xintc_g.c:37:0:
xintc.h:308:25: note: 'HandlerTable' declared here
  XIntc_VectorTableEntry HandlerTable[XPAR_INTC_MAX_NUM_INTR_INPUTS];
                         ^~~~~~~~~~~~
"Running Make libs in microblaze_0/libsrc/standalone_v6_8/src"
make -C microblaze_0/libsrc/standalone_v6_8/src -s libs  "SHELL=CMD" "COMPILER=mb-gcc" "ARCHIVER=mb-ar" "COMPILER_FLAGS=  -O2 -c -mcpu=v11.0 -mlittle-endian -mno-xl-reorder -mno-xl-soft-mul -mxl-barrel-shift -mxl-pattern-compare" "EXTRA_COMPILER_FLAGS=-ffunction-sections -fdata-sections -Wall -Wextra"
"Compiling standalone";
inbyte.c: In function 'inbyte':
inbyte.c:11:1: warning: control reaches end of non-void function [-Wreturn-type]
 }
 ^
outbyte.c: In function 'outbyte':
outbyte.c:11:19: warning: unused parameter 'c' [-Wunused-parameter]
 void outbyte(char c) {
                   ^
microblaze_sleep.c:77:9: note: #pragma message: For the sleep routines, assembly instructions are used
 #pragma message ("For the sleep routines, assembly instructions are used")
         ^~~~~~~
'Finished building libraries'
10:14:08 **** Auto Build of configuration Debug for project VGA ****
make all 
'Building file: ../src/main.c'
'Invoking: MicroBlaze gcc compiler'
mb-gcc -Wall -O0 -g3 -c -fmessage-length=0 -MT"src/main.o" -I../../standalone_bsp_0/microblaze_0/include -mno-xl-reorder -mlittle-endian -mxl-barrel-shift -mxl-pattern-compare -mcpu=v11.0 -mno-xl-soft-mul -Wl,--no-relax -ffunction-sections -fdata-sections -MMD -MP -MF"src/main.d" -MT"src/main.o" -o "src/main.o" "../src/main.c"
In file included from ../src/main.c:8:0:
../../standalone_bsp_0/microblaze_0/include/xparameters.h:1:0: error: unterminated #ifndef
 #ifndef XPARAMETERS_H   /* prevent circular inclusions */
 
../src/main.c:9:10: fatal error: xbram.h: No such file or directory
 #include "xbram.h"
          ^~~~~~~~~
compilation terminated.
make: *** [src/subdir.mk:23: src/main.o] Error 1
10:14:09 **** Auto Build of project standalone_bsp_0 ****
make -k all 
"Running Make include in microblaze_0/libsrc/bram_v4_2/src"
make -C microblaze_0/libsrc/bram_v4_2/src -s include  "SHELL=CMD" "COMPILER=mb-gcc" "ARCHIVER=mb-ar" "COMPILER_FLAGS=  -O2 -c -mcpu=v11.0 -mlittle-endian -mno-xl-reorder -mno-xl-soft-mul -mxl-barrel-shift -mxl-pattern-compare" "EXTRA_COMPILER_FLAGS=-ffunction-sections -fdata-sections -Wall -Wextra"
"Running Make include in microblaze_0/libsrc/cpu_v2_8/src"
make -C microblaze_0/libsrc/cpu_v2_8/src -s include  "SHELL=CMD" "COMPILER=mb-gcc" "ARCHIVER=mb-ar" "COMPILER_FLAGS=  -O2 -c -mcpu=v11.0 -mlittle-endian -mno-xl-reorder -mno-xl-soft-mul -mxl-barrel-shift -mxl-pattern-compare" "EXTRA_COMPILER_FLAGS=-ffunction-sections -fdata-sections -Wall -Wextra"
"Running Make include in microblaze_0/libsrc/intc_v3_8/src"
make -C microblaze_0/libsrc/intc_v3_8/src -s include  "SHELL=CMD" "COMPILER=mb-gcc" "ARCHIVER=mb-ar" "COMPILER_FLAGS=  -O2 -c -mcpu=v11.0 -mlittle-endian -mno-xl-reorder -mno-xl-soft-mul -mxl-barrel-shift -mxl-pattern-compare" "EXTRA_COMPILER_FLAGS=-ffunction-sections -fdata-sections -Wall -Wextra"
"Running Make include in microblaze_0/libsrc/standalone_v6_8/src"
make -C microblaze_0/libsrc/standalone_v6_8/src -s include  "SHELL=CMD" "COMPILER=mb-gcc" "ARCHIVER=mb-ar" "COMPILER_FLAGS=  -O2 -c -mcpu=v11.0 -mlittle-endian -mno-xl-reorder -mno-xl-soft-mul -mxl-barrel-shift -mxl-pattern-compare" "EXTRA_COMPILER_FLAGS=-ffunction-sections -fdata-sections -Wall -Wextra"
"Running Make libs in microblaze_0/libsrc/bram_v4_2/src"
make -C microblaze_0/libsrc/bram_v4_2/src -s libs  "SHELL=CMD" "COMPILER=mb-gcc" "ARCHIVER=mb-ar" "COMPILER_FLAGS=  -O2 -c -mcpu=v11.0 -mlittle-endian -mno-xl-reorder -mno-xl-soft-mul -mxl-barrel-shift -mxl-pattern-compare" "EXTRA_COMPILER_FLAGS=-ffunction-sections -fdata-sections -Wall -Wextra"
"Compiling bram"
In file included from ../../../include/xil_printf.h:12:0,
                 from ../../../include/xil_io.h:61,
                 from xbram_hw.h:59,
                 from xbram.h:135,
                 from xbram.c:58:
../../../include/xparameters.h:1:0: error: unterminated #ifndef
 #ifndef XPARAMETERS_H   /* prevent circular inclusions */
 
In file included from ../../../include/xil_io.h:61:0,
                 from xbram_hw.h:59,
                 from xbram.h:135,
                 from xbram.c:58:
../../../include/xil_printf.h:13:10: fatal error: bspconfig.h: No such file or directory
 #include "bspconfig.h"
          ^~~~~~~~~~~~~
compilation terminated.
In file included from ../../../include/xil_printf.h:12:0,
                 from ../../../include/xil_io.h:61,
                 from xbram_hw.h:59,
                 from xbram.h:135,
                 from xbram_g.c:50:
../../../include/xparameters.h:1:0: error: unterminated #ifndef
 #ifndef XPARAMETERS_H   /* prevent circular inclusions */
 
In file included from ../../../include/xil_io.h:61:0,
                 from xbram_hw.h:59,
                 from xbram.h:135,
                 from xbram_g.c:50:
../../../include/xil_printf.h:13:10: fatal error: bspconfig.h: No such file or directory
 #include "bspconfig.h"
          ^~~~~~~~~~~~~
compilation terminated.
In file included from ../../../include/xil_printf.h:12:0,
                 from ../../../include/xil_io.h:61,
                 from xbram_hw.h:59,
                 from xbram.h:135,
                 from xbram_intr.c:54:
../../../include/xparameters.h:1:0: error: unterminated #ifndef
 #ifndef XPARAMETERS_H   /* prevent circular inclusions */
 
In file included from ../../../include/xil_io.h:61:0,
                 from xbram_hw.h:59,
                 from xbram.h:135,
                 from xbram_intr.c:54:
../../../include/xil_printf.h:13:10: fatal error: bspconfig.h: No such file or directory
 #include "bspconfig.h"
          ^~~~~~~~~~~~~
compilation terminated.
In file included from ../../../include/xil_printf.h:12:0,
                 from ../../../include/xil_io.h:61,
                 from xbram_hw.h:59,
                 from xbram.h:135,
                 from xbram_selftest.c:68:
../../../include/xparameters.h:1:0: error: unterminated #ifndef
 #ifndef XPARAMETERS_H   /* prevent circular inclusions */
 
In file included from ../../../include/xil_io.h:61:0,
                 from xbram_hw.h:59,
                 from xbram.h:135,
                 from xbram_selftest.c:68:
../../../include/xil_printf.h:13:10: fatal error: bspconfig.h: No such file or directory
 #include "bspconfig.h"
          ^~~~~~~~~~~~~
compilation terminated.
"Running Make libs in microblaze_0/libsrc/cpu_v2_8/src"
In file included from xbram_sinit.c:56:0:
make -C microblaze_0/libsrc/cpu_v2_8/src -s libs  "SHELL=CMD" "COMPILER=mb-gcc" "ARCHIVER=mb-ar" "COMPILER_FLAGS=  -O2 -c -mcpu=v11.0 -mlittle-endian -mno-xl-reorder -mno-xl-soft-mul -mxl-barrel-shift -mxl-pattern-compare" "EXTRA_COMPILER_FLAGS=-ffunction-sections -fdata-sections -Wall -Wextra"
../../../include/xparameters.h:1:0: error: unterminated #ifndef
 #ifndef XPARAMETERS_H   /* prevent circular inclusions */
 
In file included from ../../../include/xil_printf.h:12:0,
"Compiling cpu"
                 from ../../../include/xil_io.h:61,
                 from xbram_hw.h:59,
                 from xbram.h:135,
                 from xbram_sinit.c:57:
../../../include/xparameters.h:1:0: error: unterminated #ifndef
 #ifndef XPARAMETERS_H   /* prevent circular inclusions */
 
In file included from ../../../include/xil_io.h:61:0,
                 from xbram_hw.h:59,
                 from xbram.h:135,
                 from xbram_sinit.c:57:
../../../include/xil_printf.h:13:10: fatal error: bspconfig.h: No such file or directory
 #include "bspconfig.h"
          ^~~~~~~~~~~~~
compilation terminated.
make[1]: *** [Makefile:20: libs] Error 1
make: *** [Makefile:30: microblaze_0/libsrc/bram_v4_2/src/make.libs] Error 2
mb-ar: creating ../../../lib/libxil.a
"Running Make libs in microblaze_0/libsrc/intc_v3_8/src"
make -C microblaze_0/libsrc/intc_v3_8/src -s libs  "SHELL=CMD" "COMPILER=mb-gcc" "ARCHIVER=mb-ar" "COMPILER_FLAGS=  -O2 -c -mcpu=v11.0 -mlittle-endian -mno-xl-reorder -mno-xl-soft-mul -mxl-barrel-shift -mxl-pattern-compare" "EXTRA_COMPILER_FLAGS=-ffunction-sections -fdata-sections -Wall -Wextra"
"Compiling intc"
In file included from xintc.h:230:0,
                 from xintc.c:79:
../../../include/xparameters.h:1:0: error: unterminated #ifndef
 #ifndef XPARAMETERS_H   /* prevent circular inclusions */
 
In file included from xintc_l.h:94:0,
                 from xintc.h:232,
                 from xintc.c:79:
../../../include/xparameters.h:1:0: error: unterminated #ifndef
 #ifndef XPARAMETERS_H   /* prevent circular inclusions */
 
In file included from ../../../include/xil_printf.h:12:0,
                 from ../../../include/xil_io.h:61,
                 from xintc_l.h:95,
                 from xintc.h:232,
                 from xintc.c:79:
../../../include/xparameters.h:1:0: error: unterminated #ifndef
 #ifndef XPARAMETERS_H   /* prevent circular inclusions */
 
In file included from ../../../include/xil_io.h:61:0,
                 from xintc_l.h:95,
                 from xintc.h:232,
                 from xintc.c:79:
../../../include/xil_printf.h:13:10: fatal error: bspconfig.h: No such file or directory
 #include "bspconfig.h"
          ^~~~~~~~~~~~~
compilation terminated.
In file included from xintc.h:230:0,
                 from xintc_g.c:68:
../../../include/xparameters.h:1:0: error: unterminated #ifndef
 #ifndef XPARAMETERS_H   /* prevent circular inclusions */
 
In file included from xintc_l.h:94:0,
                 from xintc.h:232,
                 from xintc_g.c:68:
../../../include/xparameters.h:1:0: error: unterminated #ifndef
 #ifndef XPARAMETERS_H   /* prevent circular inclusions */
 
In file included from ../../../include/xil_printf.h:12:0,
                 from ../../../include/xil_io.h:61,
                 from xintc_l.h:95,
                 from xintc.h:232,
                 from xintc_g.c:68:
../../../include/xparameters.h:1:0: error: unterminated #ifndef
 #ifndef XPARAMETERS_H   /* prevent circular inclusions */
 
In file included from ../../../include/xil_io.h:61:0,
                 from xintc_l.h:95,
                 from xintc.h:232,
                 from xintc_g.c:68:
../../../include/xil_printf.h:13:10: fatal error: bspconfig.h: No such file or directory
 #include "bspconfig.h"
          ^~~~~~~~~~~~~
compilation terminated.
In file included from xintc_intr.c:96:0:
../../../include/xparameters.h:1:0: error: unterminated #ifndef
 #ifndef XPARAMETERS_H   /* prevent circular inclusions */
 
In file included from xintc.h:230:0,
                 from xintc_intr.c:97:
../../../include/xparameters.h:1:0: error: unterminated #ifndef
 #ifndef XPARAMETERS_H   /* prevent circular inclusions */
 
In file included from xintc_l.h:94:0,
                 from xintc.h:232,
                 from xintc_intr.c:97:
../../../include/xparameters.h:1:0: error: unterminated #ifndef
 #ifndef XPARAMETERS_H   /* prevent circular inclusions */
 
In file included from ../../../include/xil_printf.h:12:0,
                 from ../../../include/xil_io.h:61,
                 from xintc_l.h:95,
                 from xintc.h:232,
                 from xintc_intr.c:97:
../../../include/xparameters.h:1:0: error: unterminated #ifndef
 #ifndef XPARAMETERS_H   /* prevent circular inclusions */
 
In file included from ../../../include/xil_io.h:61:0,
                 from xintc_l.h:95,
                 from xintc.h:232,
                 from xintc_intr.c:97:
../../../include/xil_printf.h:13:10: fatal error: bspconfig.h: No such file or directory
 #include "bspconfig.h"
          ^~~~~~~~~~~~~
compilation terminated.
In file included from xintc_l.c:79:0:
../../../include/xparameters.h:1:0: error: unterminated #ifndef
 #ifndef XPARAMETERS_H   /* prevent circular inclusions */
 
In file included from xintc.h:230:0,
                 from xintc_l.c:82:
../../../include/xparameters.h:1:0: error: unterminated #ifndef
 #ifndef XPARAMETERS_H   /* prevent circular inclusions */
 
In file included from xintc_l.h:94:0,
                 from xintc.h:232,
                 from xintc_l.c:82:
../../../include/xparameters.h:1:0: error: unterminated #ifndef
 #ifndef XPARAMETERS_H   /* prevent circular inclusions */
 
In file included from ../../../include/xil_printf.h:12:0,
                 from ../../../include/xil_io.h:61,
                 from xintc_l.h:95,
                 from xintc.h:232,
                 from xintc_l.c:82:
../../../include/xparameters.h:1:0: error: unterminated #ifndef
 #ifndef XPARAMETERS_H   /* prevent circular inclusions */
 
In file included from ../../../include/xil_io.h:61:0,
                 from xintc_l.h:95,
                 from xintc.h:232,
                 from xintc_l.c:82:
../../../include/xil_printf.h:13:10: fatal error: bspconfig.h: No such file or directory
 #include "bspconfig.h"
          ^~~~~~~~~~~~~
compilation terminated.
In file included from xintc.h:230:0,
                 from xintc_options.c:60:
../../../include/xparameters.h:1:0: error: unterminated #ifndef
 #ifndef XPARAMETERS_H   /* prevent circular inclusions */
 
In file included from xintc_l.h:94:0,
                 from xintc.h:232,
                 from xintc_options.c:60:
../../../include/xparameters.h:1:0: error: unterminated #ifndef
 #ifndef XPARAMETERS_H   /* prevent circular inclusions */
 
In file included from ../../../include/xil_printf.h:12:0,
                 from ../../../include/xil_io.h:61,
                 from xintc_l.h:95,
                 from xintc.h:232,
                 from xintc_options.c:60:
../../../include/xparameters.h:1:0: error: unterminated #ifndef
 #ifndef XPARAMETERS_H   /* prevent circular inclusions */
 
In file included from ../../../include/xil_io.h:61:0,
                 from xintc_l.h:95,
                 from xintc.h:232,
                 from xintc_options.c:60:
../../../include/xil_printf.h:13:10: fatal error: bspconfig.h: No such file or directory
 #include "bspconfig.h"
          ^~~~~~~~~~~~~
compilation terminated.
In file included from xintc.h:230:0,
                 from xintc_selftest.c:58:
../../../include/xparameters.h:1:0: error: unterminated #ifndef
 #ifndef XPARAMETERS_H   /* prevent circular inclusions */
 
In file included from xintc_l.h:94:0,
                 from xintc.h:232,
                 from xintc_selftest.c:58:
../../../include/xparameters.h:1:0: error: unterminated #ifndef
 #ifndef XPARAMETERS_H   /* prevent circular inclusions */
 
In file included from ../../../include/xil_printf.h:12:0,
                 from ../../../include/xil_io.h:61,
                 from xintc_l.h:95,
"Running Make libs in microblaze_0/libsrc/standalone_v6_8/src"
                 from xintc.h:232,
make -C microblaze_0/libsrc/standalone_v6_8/src -s libs  "SHELL=CMD" "COMPILER=mb-gcc" "ARCHIVER=mb-ar" "COMPILER_FLAGS=  -O2 -c -mcpu=v11.0 -mlittle-endian -mno-xl-reorder -mno-xl-soft-mul -mxl-barrel-shift -mxl-pattern-compare" "EXTRA_COMPILER_FLAGS=-ffunction-sections -fdata-sections -Wall -Wextra"
                 from xintc_selftest.c:58:
../../../include/xparameters.h:1:0: error: unterminated #ifndef
 #ifndef XPARAMETERS_H   /* prevent circular inclusions */
 
In file included from ../../../include/xil_io.h:61:0,
                 from xintc_l.h:95,
                 from xintc.h:232,
                 from xintc_selftest.c:58:
../../../include/xil_printf.h:13:10: fatal error: bspconfig.h: No such file or directory
 #include "bspconfig.h"
          ^~~~~~~~~~~~~
compilation terminated.
make[1]: *** [Makefile:20: libs] Error 1
make: *** [Makefile:30: microblaze_0/libsrc/intc_v3_8/src/make.libs] Error 2
"Compiling standalone";
In file included from microblaze_interrupts_g.c:47:0:
../../../include/xparameters.h:1:0: error: unterminated #ifndef
 #ifndef XPARAMETERS_H   /* prevent circular inclusions */
 
In file included from pvr.c:37:0:
../../../include/xparameters.h:1:0: error: unterminated #ifndef
 #ifndef XPARAMETERS_H   /* prevent circular inclusions */
 
In file included from pvr.h:59:0,
                 from pvr.c:38:
../../../include/xparameters.h:1:0: error: unterminated #ifndef
 #ifndef XPARAMETERS_H   /* prevent circular inclusions */
 
In file included from pvr.c:38:0:
pvr.h:61:10: fatal error: bspconfig.h: No such file or directory
 #include "bspconfig.h"
          ^~~~~~~~~~~~~
compilation terminated.
In file included from xil_printf.h:12:0,
                 from xil_io.h:61,
                 from xil_testmem.c:47:
../../../include/xparameters.h:1:0: error: unterminated #ifndef
 #ifndef XPARAMETERS_H   /* prevent circular inclusions */
 
In file included from xil_io.h:61:0,
                 from xil_testmem.c:47:
xil_printf.h:13:10: fatal error: bspconfig.h: No such file or directory
 #include "bspconfig.h"
          ^~~~~~~~~~~~~
compilation terminated.
In file included from xil_printf.h:12:0,
                 from xil_io.h:61,
                 from xil_sleepcommon.c:46:
../../../include/xparameters.h:1:0: error: unterminated #ifndef
 #ifndef XPARAMETERS_H   /* prevent circular inclusions */
 
In file included from xil_io.h:61:0,
                 from xil_sleepcommon.c:46:
xil_printf.h:13:10: fatal error: bspconfig.h: No such file or directory
 #include "bspconfig.h"
          ^~~~~~~~~~~~~
compilation terminated.
In file included from xil_printf.h:12:0,
                 from xil_printf.c:8:
../../../include/xparameters.h:1:0: error: unterminated #ifndef
 #ifndef XPARAMETERS_H   /* prevent circular inclusions */
 
In file included from xil_printf.c:8:0:
xil_printf.h:13:10: fatal error: bspconfig.h: No such file or directory
 #include "bspconfig.h"
          ^~~~~~~~~~~~~
compilation terminated.
In file included from xil_printf.h:12:0,
                 from xil_io.h:61,
                 from xil_io.c:51:
../../../include/xparameters.h:1:0: error: unterminated #ifndef
 #ifndef XPARAMETERS_H   /* prevent circular inclusions */
 
In file included from xil_io.h:61:0,
                 from xil_io.c:51:
xil_printf.h:13:10: fatal error: bspconfig.h: No such file or directory
 #include "bspconfig.h"
          ^~~~~~~~~~~~~
compilation terminated.
In file included from xil_cache.h:74:0,
                 from xil_cache.c:53:
../../../include/xparameters.h:1:0: error: unterminated #ifndef
 #ifndef XPARAMETERS_H   /* prevent circular inclusions */
 
In file included from xil_printf.h:12:0,
                 from xil_io.h:61,
                 from xil_testio.c:48:
../../../include/xparameters.h:1:0: error: unterminated #ifndef
 #ifndef XPARAMETERS_H   /* prevent circular inclusions */
 
In file included from xil_io.h:61:0,
                 from xil_testio.c:48:
xil_printf.h:13:10: fatal error: bspconfig.h: No such file or directory
 #include "bspconfig.h"
          ^~~~~~~~~~~~~
compilation terminated.
In file included from xil_printf.h:12:0,
                 from xil_io.h:61,
                 from xplatform_info.c:58:
../../../include/xparameters.h:1:0: error: unterminated #ifndef
 #ifndef XPARAMETERS_H   /* prevent circular inclusions */
 
In file included from xil_io.h:61:0,
                 from xplatform_info.c:58:
xil_printf.h:13:10: fatal error: bspconfig.h: No such file or directory
 #include "bspconfig.h"
          ^~~~~~~~~~~~~
compilation terminated.
In file included from xil_printf.h:12:0,
                 from print.c:20:
../../../include/xparameters.h:1:0: error: unterminated #ifndef
 #ifndef XPARAMETERS_H   /* prevent circular inclusions */
 
In file included from print.c:20:0:
xil_printf.h:13:10: fatal error: bspconfig.h: No such file or directory
 #include "bspconfig.h"
          ^~~~~~~~~~~~~
compilation terminated.
In file included from microblaze_sleep.h:66:0,
                 from microblaze_sleep.c:63:
../../../include/xparameters.h:1:0: error: unterminated #ifndef
 #ifndef XPARAMETERS_H   /* prevent circular inclusions */
 
In file included from xil_printf.h:12:0,
                 from xil_io.h:61,
                 from sleep.h:52,
                 from microblaze_sleep.h:67,
                 from microblaze_sleep.c:63:
../../../include/xparameters.h:1:0: error: unterminated #ifndef
 #ifndef XPARAMETERS_H   /* prevent circular inclusions */
 
In file included from xil_io.h:61:0,
                 from sleep.h:52,
                 from microblaze_sleep.h:67,
                 from microblaze_sleep.c:63:
xil_printf.h:13:10: fatal error: bspconfig.h: No such file or directory
 #include "bspconfig.h"
          ^~~~~~~~~~~~~
compilation terminated.
In file included from xil_printf.h:12:0,
                 from xil_io.h:61,
                 from xil_misc_psreset_api.h:54,
                 from xil_misc_psreset_api.c:51:
../../../include/xparameters.h:1:0: error: unterminated #ifndef
 #ifndef XPARAMETERS_H   /* prevent circular inclusions */
 
In file included from xil_io.h:61:0,
                 from xil_misc_psreset_api.h:54,
                 from xil_misc_psreset_api.c:51:
xil_printf.h:13:10: fatal error: bspconfig.h: No such file or directory
 #include "bspconfig.h"
          ^~~~~~~~~~~~~
compilation terminated.
In file included from microblaze_enable_exceptions.S:35:0:
../../../include/xparameters.h:1:0: error: unterminated #ifndef
 #ifndef XPARAMETERS_H   /* prevent circular inclusions */
 
In file included from microblaze_enable_dcache.S:41:0:
../../../include/xparameters.h:1:0: error: unterminated #ifndef
 #ifndef XPARAMETERS_H   /* prevent circular inclusions */
 
In file included from microblaze_invalidate_icache_range.S:42:0:
../../../include/xparameters.h:1:0: error: unterminated #ifndef
 #ifndef XPARAMETERS_H   /* prevent circular inclusions */
 
In file included from microblaze_flush_dcache_range.S:40:0:
../../../include/xparameters.h:1:0: error: unterminated #ifndef
 #ifndef XPARAMETERS_H   /* prevent circular inclusions */
 
In file included from microblaze_init_dcache_range.S:41:0:
../../../include/xparameters.h:1:0: error: unterminated #ifndef
 #ifndef XPARAMETERS_H   /* prevent circular inclusions */
 
In file included from microblaze_scrub.S:47:0:
../../../include/xparameters.h:1:0: error: unterminated #ifndef
 #ifndef XPARAMETERS_H   /* prevent circular inclusions */
 
In file included from microblaze_invalidate_dcache.S:37:0:
../../../include/xparameters.h:1:0: error: unterminated #ifndef
 #ifndef XPARAMETERS_H   /* prevent circular inclusions */
 
In file included from microblaze_disable_interrupts.S:52:0:
../../../include/xparameters.h:1:0: error: unterminated #ifndef
 #ifndef XPARAMETERS_H   /* prevent circular inclusions */
 
In file included from microblaze_disable_icache.S:41:0:
../../../include/xparameters.h:1:0: error: unterminated #ifndef
 #ifndef XPARAMETERS_H   /* prevent circular inclusions */
 
In file included from microblaze_invalidate_cache_ext_range.S:40:0:
../../../include/xparameters.h:1:0: error: unterminated #ifndef
 #ifndef XPARAMETERS_H   /* prevent circular inclusions */
 
In file included from microblaze_invalidate_dcache_range.S:42:0:
../../../include/xparameters.h:1:0: error: unterminated #ifndef
 #ifndef XPARAMETERS_H   /* prevent circular inclusions */
 
In file included from microblaze_flush_dcache.S:37:0:
../../../include/xparameters.h:1:0: error: unterminated #ifndef
 #ifndef XPARAMETERS_H   /* prevent circular inclusions */
 
In file included from microblaze_flush_cache_ext_range.S:40:0:
../../../include/xparameters.h:1:0: error: unterminated #ifndef
 #ifndef XPARAMETERS_H   /* prevent circular inclusions */
 
In file included from microblaze_update_dcache.S:57:0:
../../../include/xparameters.h:1:0: error: unterminated #ifndef
 #ifndef XPARAMETERS_H   /* prevent circular inclusions */
 
In file included from microblaze_enable_interrupts.S:53:0:
../../../include/xparameters.h:1:0: error: unterminated #ifndef
 #ifndef XPARAMETERS_H   /* prevent circular inclusions */
 
In file included from microblaze_enable_icache.S:40:0:
../../../include/xparameters.h:1:0: error: unterminated #ifndef
 #ifndef XPARAMETERS_H   /* prevent circular inclusions */
 
In file included from microblaze_update_icache.S:56:0:
../../../include/xparameters.h:1:0: error: unterminated #ifndef
 #ifndef XPARAMETERS_H   /* prevent circular inclusions */
 
In file included from microblaze_init_icache_range.S:42:0:
../../../include/xparameters.h:1:0: error: unterminated #ifndef
 #ifndef XPARAMETERS_H   /* prevent circular inclusions */
 
In file included from microblaze_invalidate_icache.S:38:0:
../../../include/xparameters.h:1:0: error: unterminated #ifndef
 #ifndef XPARAMETERS_H   /* prevent circular inclusions */
 
In file included from microblaze_disable_exceptions.S:35:0:
../../../include/xparameters.h:1:0: error: unterminated #ifndef
 #ifndef XPARAMETERS_H   /* prevent circular inclusions */
 
In file included from microblaze_disable_dcache.S:39:0:
../../../include/xparameters.h:1:0: error: unterminated #ifndef
 #ifndef XPARAMETERS_H   /* prevent circular inclusions */
 
In file included from hw_exception_handler.S:40:0:
../../../include/xparameters.h:1:0: error: unterminated #ifndef
 #ifndef XPARAMETERS_H   /* prevent circular inclusions */
 
In file included from microblaze_invalidate_cache_ext.S:37:0:
../../../include/xparameters.h:1:0: error: unterminated #ifndef
 #ifndef XPARAMETERS_H   /* prevent circular inclusions */
 
In file included from microblaze_flush_cache_ext.S:37:0:
../../../include/xparameters.h:1:0: error: unterminated #ifndef
 #ifndef XPARAMETERS_H   /* prevent circular inclusions */
 
make[1]: *** [Makefile:58: standalone_libs] Error 1
make[1]: Target 'libs' not remade because of errors.
make: *** [Makefile:30: microblaze_0/libsrc/standalone_v6_8/src/make.libs] Error 2
make: Target 'all' not remade because of errors.
10:14:13 **** Auto Build of configuration Debug for project VGA ****
make all 
'Building file: ../src/main.c'
'Invoking: MicroBlaze gcc compiler'
mb-gcc -Wall -O0 -g3 -c -fmessage-length=0 -MT"src/main.o" -I../../standalone_bsp_0/microblaze_0/include -mno-xl-reorder -mlittle-endian -mxl-barrel-shift -mxl-pattern-compare -mcpu=v11.0 -mno-xl-soft-mul -Wl,--no-relax -ffunction-sections -fdata-sections -MMD -MP -MF"src/main.d" -MT"src/main.o" -o "src/main.o" "../src/main.c"
In file included from ../src/main.c:8:0:
../../standalone_bsp_0/microblaze_0/include/xparameters.h:1:0: error: unterminated #ifndef
 #ifndef XPARAMETERS_H   /* prevent circular inclusions */
 
In file included from ../../standalone_bsp_0/microblaze_0/include/xil_printf.h:12:0,
                 from ../../standalone_bsp_0/microblaze_0/include/xil_io.h:61,
                 from ../../standalone_bsp_0/microblaze_0/include/xbram_hw.h:59,
                 from ../../standalone_bsp_0/microblaze_0/include/xbram.h:135,
                 from ../src/main.c:9:
../../standalone_bsp_0/microblaze_0/include/xparameters.h:1:0: error: unterminated #ifndef
 #ifndef XPARAMETERS_H   /* prevent circular inclusions */
 
In file included from ../../standalone_bsp_0/microblaze_0/include/xil_io.h:61:0,
                 from ../../standalone_bsp_0/microblaze_0/include/xbram_hw.h:59,
                 from ../../standalone_bsp_0/microblaze_0/include/xbram.h:135,
                 from ../src/main.c:9:
../../standalone_bsp_0/microblaze_0/include/xil_printf.h:13:10: fatal error: bspconfig.h: No such file or directory
 #include "bspconfig.h"
          ^~~~~~~~~~~~~
compilation terminated.
make: *** [src/subdir.mk:23: src/main.o] Error 1
10:14:27 **** Auto Build of project standalone_bsp_0 ****
make -k all 
"Running Make include in microblaze_0/libsrc/bram_v4_2/src"
make -C microblaze_0/libsrc/bram_v4_2/src -s include  "SHELL=CMD" "COMPILER=mb-gcc" "ARCHIVER=mb-ar" "COMPILER_FLAGS=  -O2 -c -mcpu=v11.0 -mlittle-endian -mno-xl-reorder -mno-xl-soft-mul -mxl-barrel-shift -mxl-pattern-compare" "EXTRA_COMPILER_FLAGS=-ffunction-sections -fdata-sections -Wall -Wextra"
"Running Make include in microblaze_0/libsrc/cpu_v2_8/src"
make -C microblaze_0/libsrc/cpu_v2_8/src -s include  "SHELL=CMD" "COMPILER=mb-gcc" "ARCHIVER=mb-ar" "COMPILER_FLAGS=  -O2 -c -mcpu=v11.0 -mlittle-endian -mno-xl-reorder -mno-xl-soft-mul -mxl-barrel-shift -mxl-pattern-compare" "EXTRA_COMPILER_FLAGS=-ffunction-sections -fdata-sections -Wall -Wextra"
"Running Make include in microblaze_0/libsrc/intc_v3_8/src"
make -C microblaze_0/libsrc/intc_v3_8/src -s include  "SHELL=CMD" "COMPILER=mb-gcc" "ARCHIVER=mb-ar" "COMPILER_FLAGS=  -O2 -c -mcpu=v11.0 -mlittle-endian -mno-xl-reorder -mno-xl-soft-mul -mxl-barrel-shift -mxl-pattern-compare" "EXTRA_COMPILER_FLAGS=-ffunction-sections -fdata-sections -Wall -Wextra"
"Running Make include in microblaze_0/libsrc/standalone_v6_8/src"
make -C microblaze_0/libsrc/standalone_v6_8/src -s include  "SHELL=CMD" "COMPILER=mb-gcc" "ARCHIVER=mb-ar" "COMPILER_FLAGS=  -O2 -c -mcpu=v11.0 -mlittle-endian -mno-xl-reorder -mno-xl-soft-mul -mxl-barrel-shift -mxl-pattern-compare" "EXTRA_COMPILER_FLAGS=-ffunction-sections -fdata-sections -Wall -Wextra"
"Running Make libs in microblaze_0/libsrc/bram_v4_2/src"
make -C microblaze_0/libsrc/bram_v4_2/src -s libs  "SHELL=CMD" "COMPILER=mb-gcc" "ARCHIVER=mb-ar" "COMPILER_FLAGS=  -O2 -c -mcpu=v11.0 -mlittle-endian -mno-xl-reorder -mno-xl-soft-mul -mxl-barrel-shift -mxl-pattern-compare" "EXTRA_COMPILER_FLAGS=-ffunction-sections -fdata-sections -Wall -Wextra"
"Compiling bram"
mb-ar: creating ../../../lib/libxil.a
"Running Make libs in microblaze_0/libsrc/cpu_v2_8/src"
make -C microblaze_0/libsrc/cpu_v2_8/src -s libs  "SHELL=CMD" "COMPILER=mb-gcc" "ARCHIVER=mb-ar" "COMPILER_FLAGS=  -O2 -c -mcpu=v11.0 -mlittle-endian -mno-xl-reorder -mno-xl-soft-mul -mxl-barrel-shift -mxl-pattern-compare" "EXTRA_COMPILER_FLAGS=-ffunction-sections -fdata-sections -Wall -Wextra"
"Compiling cpu"
"Running Make libs in microblaze_0/libsrc/intc_v3_8/src"
make -C microblaze_0/libsrc/intc_v3_8/src -s libs  "SHELL=CMD" "COMPILER=mb-gcc" "ARCHIVER=mb-ar" "COMPILER_FLAGS=  -O2 -c -mcpu=v11.0 -mlittle-endian -mno-xl-reorder -mno-xl-soft-mul -mxl-barrel-shift -mxl-pattern-compare" "EXTRA_COMPILER_FLAGS=-ffunction-sections -fdata-sections -Wall -Wextra"
"Compiling intc"
xintc_g.c:57:2: warning: missing initializer for field 'HandlerTable' of 'XIntc_Config {aka struct <anonymous>}' [-Wmissing-field-initializers]
  }
  ^
In file included from xintc_g.c:37:0:
xintc.h:308:25: note: 'HandlerTable' declared here
  XIntc_VectorTableEntry HandlerTable[XPAR_INTC_MAX_NUM_INTR_INPUTS];
                         ^~~~~~~~~~~~
"Running Make libs in microblaze_0/libsrc/standalone_v6_8/src"
make -C microblaze_0/libsrc/standalone_v6_8/src -s libs  "SHELL=CMD" "COMPILER=mb-gcc" "ARCHIVER=mb-ar" "COMPILER_FLAGS=  -O2 -c -mcpu=v11.0 -mlittle-endian -mno-xl-reorder -mno-xl-soft-mul -mxl-barrel-shift -mxl-pattern-compare" "EXTRA_COMPILER_FLAGS=-ffunction-sections -fdata-sections -Wall -Wextra"
"Compiling standalone";
inbyte.c: In function 'inbyte':
inbyte.c:11:1: warning: control reaches end of non-void function [-Wreturn-type]
 }
 ^
outbyte.c: In function 'outbyte':
outbyte.c:11:19: warning: unused parameter 'c' [-Wunused-parameter]
 void outbyte(char c) {
                   ^
microblaze_sleep.c:77:9: note: #pragma message: For the sleep routines, assembly instructions are used
 #pragma message ("For the sleep routines, assembly instructions are used")
         ^~~~~~~
'Finished building libraries'
10:14:31 **** Auto Build of configuration Debug for project VGA ****
make all 
'Building file: ../src/main.c'
'Invoking: MicroBlaze gcc compiler'
mb-gcc -Wall -O0 -g3 -c -fmessage-length=0 -MT"src/main.o" -I../../standalone_bsp_0/microblaze_0/include -mno-xl-reorder -mlittle-endian -mxl-barrel-shift -mxl-pattern-compare -mcpu=v11.0 -mno-xl-soft-mul -Wl,--no-relax -ffunction-sections -fdata-sections -MMD -MP -MF"src/main.d" -MT"src/main.o" -o "src/main.o" "../src/main.c"
'Finished building: ../src/main.c'
' '
'Building target: VGA.elf'
'Invoking: MicroBlaze gcc linker'
mb-gcc -Wl,-T -Wl,../src/lscript.ld -L../../standalone_bsp_0/microblaze_0/lib -mlittle-endian -mxl-barrel-shift -mxl-pattern-compare -mcpu=v11.0 -mno-xl-soft-mul -Wl,--no-relax -Wl,--gc-sections -o "VGA.elf"  ./src/main.o   -Wl,--start-group,-lxil,-lgcc,-lc,--end-group
'Finished building target: VGA.elf'
' '
'Invoking: MicroBlaze Print Size'
mb-size VGA.elf  |tee "VGA.elf.size"
   text	   data	    bss	    dec	    hex	filename
   2598	    520	   2162	   5280	   14a0	VGA.elf
'Finished building: VGA.elf.size'
' '
10:14:48 **** Clean-only build of configuration Debug for project VGA ****
make clean 
rm -rf  ./src/main.o  ./src/main.d  VGA.elf.size  VGA.elf
' '
10:14:49 **** Auto Build of configuration Debug for project VGA ****
make all 
'Building file: ../src/main.c'
'Invoking: MicroBlaze gcc compiler'
mb-gcc -Wall -O0 -g3 -c -fmessage-length=0 -MT"src/main.o" -I../../standalone_bsp_0/microblaze_0/include -mno-xl-reorder -mlittle-endian -mxl-barrel-shift -mxl-pattern-compare -mcpu=v11.0 -mno-xl-soft-mul -Wl,--no-relax -ffunction-sections -fdata-sections -MMD -MP -MF"src/main.d" -MT"src/main.o" -o "src/main.o" "../src/main.c"
'Finished building: ../src/main.c'
' '
'Building target: VGA.elf'
'Invoking: MicroBlaze gcc linker'
mb-gcc -Wl,-T -Wl,../src/lscript.ld -L../../standalone_bsp_0/microblaze_0/lib -mlittle-endian -mxl-barrel-shift -mxl-pattern-compare -mcpu=v11.0 -mno-xl-soft-mul -Wl,--no-relax -Wl,--gc-sections -o "VGA.elf"  ./src/main.o   -Wl,--start-group,-lxil,-lgcc,-lc,--end-group
'Finished building target: VGA.elf'
' '
'Invoking: MicroBlaze Print Size'
mb-size VGA.elf  |tee "VGA.elf.size"
   text	   data	    bss	    dec	    hex	filename
   2598	    520	   2162	   5280	   14a0	VGA.elf
'Finished building: VGA.elf.size'
' '
10:15:06 **** Auto Build of configuration Debug for project VGA ****
make all 
'Building file: ../src/main.c'
[...]
'Finished building: ../src/main.c'
' '
'Building target: VGA.elf'
'Invoking: MicroBlaze gcc linker'
mb-gcc -Wl,-T -Wl,../src/lscript.ld -L../../standalone_bsp_0/microblaze_0/lib -mlittle-endian -mxl-barrel-shift -mxl-pattern-compare -mcpu=v11.0 -mno-xl-soft-mul -Wl,--no-relax -Wl,--gc-sections -o "VGA.elf"  ./src/main.o   -Wl,--start-group,-lxil,-lgcc,-lc,--end-group
'Finished building target: VGA.elf'
' '
'Invoking: MicroBlaze Print Size'
mb-size VGA.elf  |tee "VGA.elf.size"
   text	   data	    bss	    dec	    hex	filename
   2594	    520	   2166	   5280	   14a0	VGA.elf
'Finished building: VGA.elf.size'
' '
12:40:08 **** Clean-only build of configuration Debug for project VGA ****
make clean 
rm -rf  ./src/main.o  ./src/main.d  VGA.elf.size  VGA.elf
' '
12:40:09 **** Auto Build of configuration Debug for project VGA ****
make all 
'Building file: ../src/main.c'
'Invoking: MicroBlaze gcc compiler'
mb-gcc -Wall -O0 -g3 -c -fmessage-length=0 -MT"src/main.o" -I../../standalone_bsp_0/microblaze_0/include -mno-xl-reorder -mlittle-endian -mxl-barrel-shift -mxl-pattern-compare -mcpu=v11.0 -mno-xl-soft-mul -Wl,--no-relax -ffunction-sections -fdata-sections -MMD -MP -MF"src/main.d" -MT"src/main.o" -o "src/main.o" "../src/main.c"
'Finished building: ../src/main.c'
' '
'Building target: VGA.elf'
'Invoking: MicroBlaze gcc linker'
mb-gcc -Wl,-T -Wl,../src/lscript.ld -L../../standalone_bsp_0/microblaze_0/lib -mlittle-endian -mxl-barrel-shift -mxl-pattern-compare -mcpu=v11.0 -mno-xl-soft-mul -Wl,--no-relax -Wl,--gc-sections -o "VGA.elf"  ./src/main.o   -Wl,--start-group,-lxil,-lgcc,-lc,--end-group
'Finished building target: VGA.elf'
' '
'Invoking: MicroBlaze Print Size'
mb-size VGA.elf  |tee "VGA.elf.size"
   text	   data	    bss	    dec	    hex	filename
   2594	    520	   2166	   5280	   14a0	VGA.elf
'Finished building: VGA.elf.size'
' '
12:40:58 **** Incremental Build of configuration Debug for project VGA ****
make all 
make: Nothing to be done for 'all'.
12:41:36 **** Auto Build of configuration Debug for project VGA ****
make all 
'Building file: ../src/main.c'
'Invoking: MicroBlaze gcc compiler'
mb-gcc -Wall -O0 -g3 -c -fmessage-length=0 -MT"src/main.o" -I../../standalone_bsp_0/microblaze_0/include -mno-xl-reorder -mlittle-endian -mxl-barrel-shift -mxl-pattern-compare -mcpu=v11.0 -mno-xl-soft-mul -Wl,--no-relax -ffunction-sections -fdata-sections -MMD -MP -MF"src/main.d" -MT"src/main.o" -o "src/main.o" "../src/main.c"
'Finished building: ../src/main.c'
' '
'Building target: VGA.elf'
'Invoking: MicroBlaze gcc linker'
mb-gcc -Wl,-T -Wl,../src/lscript.ld -L../../standalone_bsp_0/microblaze_0/lib -mlittle-endian -mxl-barrel-shift -mxl-pattern-compare -mcpu=v11.0 -mno-xl-soft-mul -Wl,--no-relax -Wl,--gc-sections -o "VGA.elf"  ./src/main.o   -Wl,--start-group,-lxil,-lgcc,-lc,--end-group
'Finished building target: VGA.elf'
' '
'Invoking: MicroBlaze Print Size'
mb-size VGA.elf  |tee "VGA.elf.size"
   text	   data	    bss	    dec	    hex	filename
   2598	    520	   2162	   5280	   14a0	VGA.elf
'Finished building: VGA.elf.size'
' '
12:41:38 **** Incremental Build of configuration Debug for project VGA ****
make all 
make: Nothing to be done for 'all'.
13:02:46 **** Incremental Build of configuration Debug for project VGA ****
make all 
make: Nothing to be done for 'all'.
13:03:13 **** Auto Build of configuration Debug for project VGA ****
make all 
'Building file: ../src/main.c'
'Invoking: MicroBlaze gcc compiler'
mb-gcc -Wall -O0 -g3 -c -fmessage-length=0 -MT"src/main.o" -I../../standalone_bsp_0/microblaze_0/include -mno-xl-reorder -mlittle-endian -mxl-barrel-shift -mxl-pattern-compare -mcpu=v11.0 -mno-xl-soft-mul -Wl,--no-relax -ffunction-sections -fdata-sections -MMD -MP -MF"src/main.d" -MT"src/main.o" -o "src/main.o" "../src/main.c"
'Finished building: ../src/main.c'
' '
'Building target: VGA.elf'
'Invoking: MicroBlaze gcc linker'
mb-gcc -Wl,-T -Wl,../src/lscript.ld -L../../standalone_bsp_0/microblaze_0/lib -mlittle-endian -mxl-barrel-shift -mxl-pattern-compare -mcpu=v11.0 -mno-xl-soft-mul -Wl,--no-relax -Wl,--gc-sections -o "VGA.elf"  ./src/main.o   -Wl,--start-group,-lxil,-lgcc,-lc,--end-group
'Finished building target: VGA.elf'
' '
'Invoking: MicroBlaze Print Size'
mb-size VGA.elf  |tee "VGA.elf.size"
   text	   data	    bss	    dec	    hex	filename
   2594	    520	   2166	   5280	   14a0	VGA.elf
'Finished building: VGA.elf.size'
' '
13:03:15 **** Incremental Build of configuration Debug for project VGA ****
make all 
make: Nothing to be done for 'all'.
13:03:28 **** Auto Build of configuration Debug for project VGA ****
make all 
'Building file: ../src/main.c'
'Invoking: MicroBlaze gcc compiler'
mb-gcc -Wall -O0 -g3 -c -fmessage-length=0 -MT"src/main.o" -I../../standalone_bsp_0/microblaze_0/include -mno-xl-reorder -mlittle-endian -mxl-barrel-shift -mxl-pattern-compare -mcpu=v11.0 -mno-xl-soft-mul -Wl,--no-relax -ffunction-sections -fdata-sections -MMD -MP -MF"src/main.d" -MT"src/main.o" -o "src/main.o" "../src/main.c"
'Finished building: ../src/main.c'
' '
'Building target: VGA.elf'
'Invoking: MicroBlaze gcc linker'
mb-gcc -Wl,-T -Wl,../src/lscript.ld -L../../standalone_bsp_0/microblaze_0/lib -mlittle-endian -mxl-barrel-shift -mxl-pattern-compare -mcpu=v11.0 -mno-xl-soft-mul -Wl,--no-relax -Wl,--gc-sections -o "VGA.elf"  ./src/main.o   -Wl,--start-group,-lxil,-lgcc,-lc,--end-group
'Finished building target: VGA.elf'
' '
'Invoking: MicroBlaze Print Size'
mb-size VGA.elf  |tee "VGA.elf.size"
   text	   data	    bss	    dec	    hex	filename
   2598	    520	   2162	   5280	   14a0	VGA.elf
'Finished building: VGA.elf.size'
' '
13:03:30 **** Incremental Build of configuration Debug for project VGA ****
make all 
make: Nothing to be done for 'all'.
13:21:47 **** Incremental Build of configuration Debug for project VGA ****
make all 
make: Nothing to be done for 'all'.
13:26:21 **** Incremental Build of configuration Debug for project VGA ****
make all 
make: Nothing to be done for 'all'.
13:26:33 **** Auto Build of configuration Debug for project VGA ****
make all 
'Building file: ../src/main.c'
'Invoking: MicroBlaze gcc compiler'
mb-gcc -Wall -O0 -g3 -c -fmessage-length=0 -MT"src/main.o" -I../../standalone_bsp_0/microblaze_0/include -mno-xl-reorder -mlittle-endian -mxl-barrel-shift -mxl-pattern-compare -mcpu=v11.0 -mno-xl-soft-mul -Wl,--no-relax -ffunction-sections -fdata-sections -MMD -MP -MF"src/main.d" -MT"src/main.o" -o "src/main.o" "../src/main.c"
'Finished building: ../src/main.c'
' '
'Building target: VGA.elf'
'Invoking: MicroBlaze gcc linker'
mb-gcc -Wl,-T -Wl,../src/lscript.ld -L../../standalone_bsp_0/microblaze_0/lib -mlittle-endian -mxl-barrel-shift -mxl-pattern-compare -mcpu=v11.0 -mno-xl-soft-mul -Wl,--no-relax -Wl,--gc-sections -o "VGA.elf"  ./src/main.o   -Wl,--start-group,-lxil,-lgcc,-lc,--end-group
'Finished building target: VGA.elf'
' '
'Invoking: MicroBlaze Print Size'
mb-size VGA.elf  |tee "VGA.elf.size"
   text	   data	    bss	    dec	    hex	filename
   2598	    520	   2162	   5280	   14a0	VGA.elf
'Finished building: VGA.elf.size'
' '
13:26:35 **** Incremental Build of configuration Debug for project VGA ****
make all 
make: Nothing to be done for 'all'.
13:34:30 **** Incremental Build of configuration Debug for project VGA ****
make all 
make: Nothing to be done for 'all'.
13:35:29 **** Auto Build of configuration Debug for project VGA ****
make all 
'Building file: ../src/main.c'
'Invoking: MicroBlaze gcc compiler'
mb-gcc -Wall -O0 -g3 -c -fmessage-length=0 -MT"src/main.o" -I../../standalone_bsp_0/microblaze_0/include -mno-xl-reorder -mlittle-endian -mxl-barrel-shift -mxl-pattern-compare -mcpu=v11.0 -mno-xl-soft-mul -Wl,--no-relax -ffunction-sections -fdata-sections -MMD -MP -MF"src/main.d" -MT"src/main.o" -o "src/main.o" "../src/main.c"
'Finished building: ../src/main.c'
' '
'Building target: VGA.elf'
'Invoking: MicroBlaze gcc linker'
mb-gcc -Wl,-T -Wl,../src/lscript.ld -L../../standalone_bsp_0/microblaze_0/lib -mlittle-endian -mxl-barrel-shift -mxl-pattern-compare -mcpu=v11.0 -mno-xl-soft-mul -Wl,--no-relax -Wl,--gc-sections -o "VGA.elf"  ./src/main.o   -Wl,--start-group,-lxil,-lgcc,-lc,--end-group
'Finished building target: VGA.elf'
' '
'Invoking: MicroBlaze Print Size'
mb-size VGA.elf  |tee "VGA.elf.size"
   text	   data	    bss	    dec	    hex	filename
   2598	    520	   2162	   5280	   14a0	VGA.elf
'Finished building: VGA.elf.size'
' '
13:35:31 **** Incremental Build of configuration Debug for project VGA ****
make all 
make: Nothing to be done for 'all'.
13:35:45 **** Auto Build of configuration Debug for project VGA ****
make all 
'Building file: ../src/main.c'
'Invoking: MicroBlaze gcc compiler'
mb-gcc -Wall -O0 -g3 -c -fmessage-length=0 -MT"src/main.o" -I../../standalone_bsp_0/microblaze_0/include -mno-xl-reorder -mlittle-endian -mxl-barrel-shift -mxl-pattern-compare -mcpu=v11.0 -mno-xl-soft-mul -Wl,--no-relax -ffunction-sections -fdata-sections -MMD -MP -MF"src/main.d" -MT"src/main.o" -o "src/main.o" "../src/main.c"
'Finished building: ../src/main.c'
' '
'Building target: VGA.elf'
'Invoking: MicroBlaze gcc linker'
mb-gcc -Wl,-T -Wl,../src/lscript.ld -L../../standalone_bsp_0/microblaze_0/lib -mlittle-endian -mxl-barrel-shift -mxl-pattern-compare -mcpu=v11.0 -mno-xl-soft-mul -Wl,--no-relax -Wl,--gc-sections -o "VGA.elf"  ./src/main.o   -Wl,--start-group,-lxil,-lgcc,-lc,--end-group
'Finished building target: VGA.elf'
' '
'Invoking: MicroBlaze Print Size'
mb-size VGA.elf  |tee "VGA.elf.size"
   text	   data	    bss	    dec	    hex	filename
   2594	    520	   2166	   5280	   14a0	VGA.elf
'Finished building: VGA.elf.size'
' '
13:35:47 **** Incremental Build of configuration Debug for project VGA ****
make all 
make: Nothing to be done for 'all'.
13:36:02 **** Auto Build of configuration Debug for project VGA ****
make all 
'Building file: ../src/main.c'
'Invoking: MicroBlaze gcc compiler'
mb-gcc -Wall -O0 -g3 -c -fmessage-length=0 -MT"src/main.o" -I../../standalone_bsp_0/microblaze_0/include -mno-xl-reorder -mlittle-endian -mxl-barrel-shift -mxl-pattern-compare -mcpu=v11.0 -mno-xl-soft-mul -Wl,--no-relax -ffunction-sections -fdata-sections -MMD -MP -MF"src/main.d" -MT"src/main.o" -o "src/main.o" "../src/main.c"
'Finished building: ../src/main.c'
' '
'Building target: VGA.elf'
'Invoking: MicroBlaze gcc linker'
mb-gcc -Wl,-T -Wl,../src/lscript.ld -L../../standalone_bsp_0/microblaze_0/lib -mlittle-endian -mxl-barrel-shift -mxl-pattern-compare -mcpu=v11.0 -mno-xl-soft-mul -Wl,--no-relax -Wl,--gc-sections -o "VGA.elf"  ./src/main.o   -Wl,--start-group,-lxil,-lgcc,-lc,--end-group
'Finished building target: VGA.elf'
' '
'Invoking: MicroBlaze Print Size'
mb-size VGA.elf  |tee "VGA.elf.size"
   text	   data	    bss	    dec	    hex	filename
   2598	    520	   2162	   5280	   14a0	VGA.elf
'Finished building: VGA.elf.size'
' '
13:36:04 **** Incremental Build of configuration Debug for project VGA ****
make all 
make: Nothing to be done for 'all'.
13:37:20 **** Auto Build of configuration Debug for project VGA ****
make all 
'Building file: ../src/main.c'
'Invoking: MicroBlaze gcc compiler'
mb-gcc -Wall -O0 -g3 -c -fmessage-length=0 -MT"src/main.o" -I../../standalone_bsp_0/microblaze_0/include -mno-xl-reorder -mlittle-endian -mxl-barrel-shift -mxl-pattern-compare -mcpu=v11.0 -mno-xl-soft-mul -Wl,--no-relax -ffunction-sections -fdata-sections -MMD -MP -MF"src/main.d" -MT"src/main.o" -o "src/main.o" "../src/main.c"
'Finished building: ../src/main.c'
' '
'Building target: VGA.elf'
'Invoking: MicroBlaze gcc linker'
mb-gcc -Wl,-T -Wl,../src/lscript.ld -L../../standalone_bsp_0/microblaze_0/lib -mlittle-endian -mxl-barrel-shift -mxl-pattern-compare -mcpu=v11.0 -mno-xl-soft-mul -Wl,--no-relax -Wl,--gc-sections -o "VGA.elf"  ./src/main.o   -Wl,--start-group,-lxil,-lgcc,-lc,--end-group
'Finished building target: VGA.elf'
' '
'Invoking: MicroBlaze Print Size'
mb-size VGA.elf  |tee "VGA.elf.size"
   text	   data	    bss	    dec	    hex	filename
   2598	    520	   2162	   5280	   14a0	VGA.elf
'Finished building: VGA.elf.size'
' '
13:37:22 **** Incremental Build of configuration Debug for project VGA ****
make all 
make: Nothing to be done for 'all'.
13:40:03 **** Incremental Build of configuration Debug for project VGA ****
make all 
make: Nothing to be done for 'all'.
13:40:13 **** Auto Build of configuration Debug for project VGA ****
make all 
'Building file: ../src/main.c'
'Invoking: MicroBlaze gcc compiler'
mb-gcc -Wall -O0 -g3 -c -fmessage-length=0 -MT"src/main.o" -I../../standalone_bsp_0/microblaze_0/include -mno-xl-reorder -mlittle-endian -mxl-barrel-shift -mxl-pattern-compare -mcpu=v11.0 -mno-xl-soft-mul -Wl,--no-relax -ffunction-sections -fdata-sections -MMD -MP -MF"src/main.d" -MT"src/main.o" -o "src/main.o" "../src/main.c"
'Finished building: ../src/main.c'
' '
'Building target: VGA.elf'
'Invoking: MicroBlaze gcc linker'
mb-gcc -Wl,-T -Wl,../src/lscript.ld -L../../standalone_bsp_0/microblaze_0/lib -mlittle-endian -mxl-barrel-shift -mxl-pattern-compare -mcpu=v11.0 -mno-xl-soft-mul -Wl,--no-relax -Wl,--gc-sections -o "VGA.elf"  ./src/main.o   -Wl,--start-group,-lxil,-lgcc,-lc,--end-group
'Finished building target: VGA.elf'
' '
'Invoking: MicroBlaze Print Size'
mb-size VGA.elf  |tee "VGA.elf.size"
   text	   data	    bss	    dec	    hex	filename
   2598	    520	   2162	   5280	   14a0	VGA.elf
'Finished building: VGA.elf.size'
' '
13:40:14 **** Incremental Build of configuration Debug for project VGA ****
make all 
make: Nothing to be done for 'all'.
13:40:33 **** Auto Build of configuration Debug for project VGA ****
make all 
'Building file: ../src/main.c'
'Invoking: MicroBlaze gcc compiler'
mb-gcc -Wall -O0 -g3 -c -fmessage-length=0 -MT"src/main.o" -I../../standalone_bsp_0/microblaze_0/include -mno-xl-reorder -mlittle-endian -mxl-barrel-shift -mxl-pattern-compare -mcpu=v11.0 -mno-xl-soft-mul -Wl,--no-relax -ffunction-sections -fdata-sections -MMD -MP -MF"src/main.d" -MT"src/main.o" -o "src/main.o" "../src/main.c"
'Finished building: ../src/main.c'
' '
'Building target: VGA.elf'
'Invoking: MicroBlaze gcc linker'
mb-gcc -Wl,-T -Wl,../src/lscript.ld -L../../standalone_bsp_0/microblaze_0/lib -mlittle-endian -mxl-barrel-shift -mxl-pattern-compare -mcpu=v11.0 -mno-xl-soft-mul -Wl,--no-relax -Wl,--gc-sections -o "VGA.elf"  ./src/main.o   -Wl,--start-group,-lxil,-lgcc,-lc,--end-group
'Finished building target: VGA.elf'
' '
'Invoking: MicroBlaze Print Size'
mb-size VGA.elf  |tee "VGA.elf.size"
   text	   data	    bss	    dec	    hex	filename
   2598	    520	   2162	   5280	   14a0	VGA.elf
'Finished building: VGA.elf.size'
' '
13:40:35 **** Incremental Build of configuration Debug for project VGA ****
make all 
make: Nothing to be done for 'all'.
13:41:07 **** Auto Build of configuration Debug for project VGA ****
make all 
'Building file: ../src/main.c'
'Invoking: MicroBlaze gcc compiler'
mb-gcc -Wall -O0 -g3 -c -fmessage-length=0 -MT"src/main.o" -I../../standalone_bsp_0/microblaze_0/include -mno-xl-reorder -mlittle-endian -mxl-barrel-shift -mxl-pattern-compare -mcpu=v11.0 -mno-xl-soft-mul -Wl,--no-relax -ffunction-sections -fdata-sections -MMD -MP -MF"src/main.d" -MT"src/main.o" -o "src/main.o" "../src/main.c"
'Finished building: ../src/main.c'
' '
'Building target: VGA.elf'
'Invoking: MicroBlaze gcc linker'
mb-gcc -Wl,-T -Wl,../src/lscript.ld -L../../standalone_bsp_0/microblaze_0/lib -mlittle-endian -mxl-barrel-shift -mxl-pattern-compare -mcpu=v11.0 -mno-xl-soft-mul -Wl,--no-relax -Wl,--gc-sections -o "VGA.elf"  ./src/main.o   -Wl,--start-group,-lxil,-lgcc,-lc,--end-group
'Finished building target: VGA.elf'
' '
'Invoking: MicroBlaze Print Size'
mb-size VGA.elf  |tee "VGA.elf.size"
   text	   data	    bss	    dec	    hex	filename
   2598	    520	   2162	   5280	   14a0	VGA.elf
'Finished building: VGA.elf.size'
' '
13:41:08 **** Incremental Build of configuration Debug for project VGA ****
make all 
make: Nothing to be done for 'all'.
13:41:38 **** Auto Build of configuration Debug for project VGA ****
make all 
'Building file: ../src/main.c'
'Invoking: MicroBlaze gcc compiler'
mb-gcc -Wall -O0 -g3 -c -fmessage-length=0 -MT"src/main.o" -I../../standalone_bsp_0/microblaze_0/include -mno-xl-reorder -mlittle-endian -mxl-barrel-shift -mxl-pattern-compare -mcpu=v11.0 -mno-xl-soft-mul -Wl,--no-relax -ffunction-sections -fdata-sections -MMD -MP -MF"src/main.d" -MT"src/main.o" -o "src/main.o" "../src/main.c"
'Finished building: ../src/main.c'
' '
'Building target: VGA.elf'
'Invoking: MicroBlaze gcc linker'
mb-gcc -Wl,-T -Wl,../src/lscript.ld -L../../standalone_bsp_0/microblaze_0/lib -mlittle-endian -mxl-barrel-shift -mxl-pattern-compare -mcpu=v11.0 -mno-xl-soft-mul -Wl,--no-relax -Wl,--gc-sections -o "VGA.elf"  ./src/main.o   -Wl,--start-group,-lxil,-lgcc,-lc,--end-group
'Finished building target: VGA.elf'
' '
'Invoking: MicroBlaze Print Size'
mb-size VGA.elf  |tee "VGA.elf.size"
   text	   data	    bss	    dec	    hex	filename
   2598	    520	   2162	   5280	   14a0	VGA.elf
'Finished building: VGA.elf.size'
' '
13:41:41 **** Incremental Build of configuration Debug for project VGA ****
make all 
make: Nothing to be done for 'all'.
13:42:15 **** Incremental Build of configuration Debug for project VGA ****
make all 
'Building file: ../src/main.c'
'Invoking: MicroBlaze gcc compiler'
mb-gcc -Wall -O0 -g3 -c -fmessage-length=0 -MT"src/main.o" -I../../standalone_bsp_0/microblaze_0/include -mno-xl-reorder -mlittle-endian -mxl-barrel-shift -mxl-pattern-compare -mcpu=v11.0 -mno-xl-soft-mul -Wl,--no-relax -ffunction-sections -fdata-sections -MMD -MP -MF"src/main.d" -MT"src/main.o" -o "src/main.o" "../src/main.c"
'Finished building: ../src/main.c'
' '
'Building target: VGA.elf'
'Invoking: MicroBlaze gcc linker'
mb-gcc -Wl,-T -Wl,../src/lscript.ld -L../../standalone_bsp_0/microblaze_0/lib -mlittle-endian -mxl-barrel-shift -mxl-pattern-compare -mcpu=v11.0 -mno-xl-soft-mul -Wl,--no-relax -Wl,--gc-sections -o "VGA.elf"  ./src/main.o   -Wl,--start-group,-lxil,-lgcc,-lc,--end-group
'Finished building target: VGA.elf'
' '
'Invoking: MicroBlaze Print Size'
mb-size VGA.elf  |tee "VGA.elf.size"
   text	   data	    bss	    dec	    hex	filename
   2598	    520	   2162	   5280	   14a0	VGA.elf
'Finished building: VGA.elf.size'
' '
13:50:49 **** Incremental Build of configuration Debug for project VGA ****
make all 
make: Nothing to be done for 'all'.
14:00:19 **** Incremental Build of configuration Debug for project VGA ****
make all 
make: Nothing to be done for 'all'.
14:04:02 **** Auto Build of configuration Debug for project VGA ****
make all 
'Building file: ../src/main.c'
'Invoking: MicroBlaze gcc compiler'
mb-gcc -Wall -O0 -g3 -c -fmessage-length=0 -MT"src/main.o" -I../../standalone_bsp_0/microblaze_0/include -mno-xl-reorder -mlittle-endian -mxl-barrel-shift -mxl-pattern-compare -mcpu=v11.0 -mno-xl-soft-mul -Wl,--no-relax -ffunction-sections -fdata-sections -MMD -MP -MF"src/main.d" -MT"src/main.o" -o "src/main.o" "../src/main.c"
'Finished building: ../src/main.c'
' '
'Building target: VGA.elf'
'Invoking: MicroBlaze gcc linker'
mb-gcc -Wl,-T -Wl,../src/lscript.ld -L../../standalone_bsp_0/microblaze_0/lib -mlittle-endian -mxl-barrel-shift -mxl-pattern-compare -mcpu=v11.0 -mno-xl-soft-mul -Wl,--no-relax -Wl,--gc-sections -o "VGA.elf"  ./src/main.o   -Wl,--start-group,-lxil,-lgcc,-lc,--end-group
'Finished building target: VGA.elf'
' '
'Invoking: MicroBlaze Print Size'
mb-size VGA.elf  |tee "VGA.elf.size"
   text	   data	    bss	    dec	    hex	filename
   2594	    520	   2166	   5280	   14a0	VGA.elf
'Finished building: VGA.elf.size'
' '
14:04:03 **** Incremental Build of configuration Debug for project VGA ****
make all 
make: Nothing to be done for 'all'.
