15:56:54 **** Incremental Build of configuration Debug for project VGA ****
make all 
'Building file: ../src/main.c'
'Invoking: MicroBlaze gcc compiler'
mb-gcc -Wall -O0 -g3 -c -fmessage-length=0 -MT"src/main.o" -I../../standalone_bsp_0/microblaze_0/include -mno-xl-reorder -mlittle-endian -mxl-barrel-shift -mxl-pattern-compare -mcpu=v11.0 -mno-xl-soft-mul -Wl,--no-relax -ffunction-sections -fdata-sections -MMD -MP -MF"src/main.d" -MT"src/main.o" -o "src/main.o" "../src/main.c"
../src/main.c:9:10: fatal error: xbram.h: No such file or directory
 #include "xbram.h"
          ^~~~~~~~~
compilation terminated.
make: *** [src/subdir.mk:23: src/main.o] Error 1
15:59:27 **** Auto Build of configuration Debug for project VGA ****
make all 
'Building file: ../src/main.c'
'Invoking: MicroBlaze gcc compiler'
mb-gcc -Wall -O0 -g3 -c -fmessage-length=0 -MT"src/main.o" -I../../standalone_bsp_0/microblaze_0/include -mno-xl-reorder -mlittle-endian -mxl-barrel-shift -mxl-pattern-compare -mcpu=v11.0 -mno-xl-soft-mul -Wl,--no-relax -ffunction-sections -fdata-sections -MMD -MP -MF"src/main.d" -MT"src/main.o" -o "src/main.o" "../src/main.c"
../src/main.c:9:10: fatal error: xbram.h: No such file or directory
 #include "xbram.h"
          ^~~~~~~~~
compilation terminated.
make: *** [src/subdir.mk:23: src/main.o] Error 1
16:02:21 **** Auto Build of project standalone_bsp_0 ****
make -k all 
"Running Make include in microblaze_0/libsrc/bram_v4_2/src"
make -C microblaze_0/libsrc/bram_v4_2/src -s include  "SHELL=CMD" "COMPILER=mb-gcc" "ARCHIVER=mb-ar" "COMPILER_FLAGS=  -O2 -c -mcpu=v11.0 -mlittle-endian -mno-xl-reorder -mno-xl-soft-mul -mxl-barrel-shift -mxl-pattern-compare" "EXTRA_COMPILER_FLAGS=-ffunction-sections -fdata-sections -Wall -Wextra"
"Running Make include in microblaze_0/libsrc/cpu_v2_8/src"
make -C microblaze_0/libsrc/cpu_v2_8/src -s include  "SHELL=CMD" "COMPILER=mb-gcc" "ARCHIVER=mb-ar" "COMPILER_FLAGS=  -O2 -c -mcpu=v11.0 -mlittle-endian -mno-xl-reorder -mno-xl-soft-mul -mxl-barrel-shift -mxl-pattern-compare" "EXTRA_COMPILER_FLAGS=-ffunction-sections -fdata-sections -Wall -Wextra"
"Running Make include in microblaze_0/libsrc/intc_v3_8/src"
make -C microblaze_0/libsrc/intc_v3_8/src -s include  "SHELL=CMD" "COMPILER=mb-gcc" "ARCHIVER=mb-ar" "COMPILER_FLAGS=  -O2 -c -mcpu=v11.0 -mlittle-endian -mno-xl-reorder -mno-xl-soft-mul -mxl-barrel-shift -mxl-pattern-compare" "EXTRA_COMPILER_FLAGS=-ffunction-sections -fdata-sections -Wall -Wextra"
"Running Make include in microblaze_0/libsrc/standalone_v6_8/src"
make -C microblaze_0/libsrc/standalone_v6_8/src -s include  "SHELL=CMD" "COMPILER=mb-gcc" "ARCHIVER=mb-ar" "COMPILER_FLAGS=  -O2 -c -mcpu=v11.0 -mlittle-endian -mno-xl-reorder -mno-xl-soft-mul -mxl-barrel-shift -mxl-pattern-compare" "EXTRA_COMPILER_FLAGS=-ffunction-sections -fdata-sections -Wall -Wextra"
"Running Make libs in microblaze_0/libsrc/bram_v4_2/src"
make -C microblaze_0/libsrc/bram_v4_2/src -s libs  "SHELL=CMD" "COMPILER=mb-gcc" "ARCHIVER=mb-ar" "COMPILER_FLAGS=  -O2 -c -mcpu=v11.0 -mlittle-endian -mno-xl-reorder -mno-xl-soft-mul -mxl-barrel-shift -mxl-pattern-compare" "EXTRA_COMPILER_FLAGS=-ffunction-sections -fdata-sections -Wall -Wextra"
"Compiling bram"
mb-ar: creating ../../../lib/libxil.a
"Running Make libs in microblaze_0/libsrc/cpu_v2_8/src"
make -C microblaze_0/libsrc/cpu_v2_8/src -s libs  "SHELL=CMD" "COMPILER=mb-gcc" "ARCHIVER=mb-ar" "COMPILER_FLAGS=  -O2 -c -mcpu=v11.0 -mlittle-endian -mno-xl-reorder -mno-xl-soft-mul -mxl-barrel-shift -mxl-pattern-compare" "EXTRA_COMPILER_FLAGS=-ffunction-sections -fdata-sections -Wall -Wextra"
"Compiling cpu"
"Running Make libs in microblaze_0/libsrc/intc_v3_8/src"
make -C microblaze_0/libsrc/intc_v3_8/src -s libs  "SHELL=CMD" "COMPILER=mb-gcc" "ARCHIVER=mb-ar" "COMPILER_FLAGS=  -O2 -c -mcpu=v11.0 -mlittle-endian -mno-xl-reorder -mno-xl-soft-mul -mxl-barrel-shift -mxl-pattern-compare" "EXTRA_COMPILER_FLAGS=-ffunction-sections -fdata-sections -Wall -Wextra"
"Compiling intc"
xintc_g.c:57:2: warning: missing initializer for field 'HandlerTable' of 'XIntc_Config {aka struct <anonymous>}' [-Wmissing-field-initializers]
  }
  ^
In file included from xintc_g.c:37:0:
xintc.h:308:25: note: 'HandlerTable' declared here
  XIntc_VectorTableEntry HandlerTable[XPAR_INTC_MAX_NUM_INTR_INPUTS];
                         ^~~~~~~~~~~~
"Running Make libs in microblaze_0/libsrc/standalone_v6_8/src"
make -C microblaze_0/libsrc/standalone_v6_8/src -s libs  "SHELL=CMD" "COMPILER=mb-gcc" "ARCHIVER=mb-ar" "COMPILER_FLAGS=  -O2 -c -mcpu=v11.0 -mlittle-endian -mno-xl-reorder -mno-xl-soft-mul -mxl-barrel-shift -mxl-pattern-compare" "EXTRA_COMPILER_FLAGS=-ffunction-sections -fdata-sections -Wall -Wextra"
"Compiling standalone";
inbyte.c: In function 'inbyte':
inbyte.c:11:1: warning: control reaches end of non-void function [-Wreturn-type]
 }
 ^
outbyte.c: In function 'outbyte':
outbyte.c:11:19: warning: unused parameter 'c' [-Wunused-parameter]
 void outbyte(char c) {
                   ^
microblaze_sleep.c:77:9: note: #pragma message: For the sleep routines, assembly instructions are used
 #pragma message ("For the sleep routines, assembly instructions are used")
         ^~~~~~~
'Finished building libraries'
16:02:26 **** Auto Build of configuration Debug for project VGA ****
make all 
'Building file: ../src/main.c'
'Invoking: MicroBlaze gcc compiler'
mb-gcc -Wall -O0 -g3 -c -fmessage-length=0 -MT"src/main.o" -I../../standalone_bsp_0/microblaze_0/include -mno-xl-reorder -mlittle-endian -mxl-barrel-shift -mxl-pattern-compare -mcpu=v11.0 -mno-xl-soft-mul -Wl,--no-relax -ffunction-sections -fdata-sections -MMD -MP -MF"src/main.d" -MT"src/main.o" -o "src/main.o" "../src/main.c"
../src/main.c:15:13: warning: 'InitializeECC' declared 'static' but never defined [-Wunused-function]
 static void InitializeECC(XBram_Config *ConfigPtr, u32 EffectiveAddr);
             ^~~~~~~~~~~~~
'Finished building: ../src/main.c'
' '
'Building target: VGA.elf'
'Invoking: MicroBlaze gcc linker'
mb-gcc -Wl,-T -Wl,../src/lscript.ld -L../../standalone_bsp_0/microblaze_0/lib -mlittle-endian -mxl-barrel-shift -mxl-pattern-compare -mcpu=v11.0 -mno-xl-soft-mul -Wl,--no-relax -Wl,--gc-sections -o "VGA.elf"  ./src/main.o   -Wl,--start-group,-lxil,-lgcc,-lc,--end-group
c:/xilinx/sdk/2018.3/gnu/microblaze/nt/bin/../lib/gcc/microblaze-xilinx-elf/7.3.1/../../../../microblaze-xilinx-elf/bin/ld.exe: VGA.elf section `.rodata' will not fit in region `microblaze_0_local_memory_ilmb_bram_if_cntlr_Mem_microblaze_0_local_memory_dlmb_bram_if_cntlr_Mem'
c:/xilinx/sdk/2018.3/gnu/microblaze/nt/bin/../lib/gcc/microblaze-xilinx-elf/7.3.1/../../../../microblaze-xilinx-elf/bin/ld.exe: region `microblaze_0_local_memory_ilmb_bram_if_cntlr_Mem_microblaze_0_local_memory_dlmb_bram_if_cntlr_Mem' overflowed by 2960 bytes
collect2.exe: error: ld returned 1 exit status
make: *** [makefile:38: VGA.elf] Error 1
16:02:42 **** Auto Build of configuration Debug for project VGA ****
make all 
'Building file: ../src/main.c'
'Invoking: MicroBlaze gcc compiler'
mb-gcc -Wall -O0 -g3 -c -fmessage-length=0 -MT"src/main.o" -I../../standalone_bsp_0/microblaze_0/include -mno-xl-reorder -mlittle-endian -mxl-barrel-shift -mxl-pattern-compare -mcpu=v11.0 -mno-xl-soft-mul -Wl,--no-relax -ffunction-sections -fdata-sections -MMD -MP -MF"src/main.d" -MT"src/main.o" -o "src/main.o" "../src/main.c"
'Finished building: ../src/main.c'
' '
'Building target: VGA.elf'
'Invoking: MicroBlaze gcc linker'
mb-gcc -Wl,-T -Wl,../src/lscript.ld -L../../standalone_bsp_0/microblaze_0/lib -mlittle-endian -mxl-barrel-shift -mxl-pattern-compare -mcpu=v11.0 -mno-xl-soft-mul -Wl,--no-relax -Wl,--gc-sections -o "VGA.elf"  ./src/main.o   -Wl,--start-group,-lxil,-lgcc,-lc,--end-group
c:/xilinx/sdk/2018.3/gnu/microblaze/nt/bin/../lib/gcc/microblaze-xilinx-elf/7.3.1/../../../../microblaze-xilinx-elf/bin/ld.exe: VGA.elf section `.rodata' will not fit in region `microblaze_0_local_memory_ilmb_bram_if_cntlr_Mem_microblaze_0_local_memory_dlmb_bram_if_cntlr_Mem'
c:/xilinx/sdk/2018.3/gnu/microblaze/nt/bin/../lib/gcc/microblaze-xilinx-elf/7.3.1/../../../../microblaze-xilinx-elf/bin/ld.exe: region `microblaze_0_local_memory_ilmb_bram_if_cntlr_Mem_microblaze_0_local_memory_dlmb_bram_if_cntlr_Mem' overflowed by 2960 bytes
collect2.exe: error: ld returned 1 exit status
make: *** [makefile:38: VGA.elf] Error 1
16:11:35 **** Clean-only build of project standalone_bsp_0 ****
make -k clean 
make -C microblaze_0/libsrc/bram_v4_2/src -s clean 
make -C microblaze_0/libsrc/cpu_v2_8/src -s clean 
make -C microblaze_0/libsrc/intc_v3_8/src -s clean 
make -C microblaze_0/libsrc/standalone_v6_8/src -s clean 
rm -f microblaze_0/lib/libxil.a
16:11:36 **** Clean-only build of configuration Debug for project VGA ****
make clean 
rm -rf  ./src/main.o  ./src/main.d  VGA.elf.size  VGA.elf
' '
16:11:36 **** Build of project standalone_bsp_0 ****
make -k all 
"Running Make include in microblaze_0/libsrc/bram_v4_2/src"
make -C microblaze_0/libsrc/bram_v4_2/src -s include  "SHELL=CMD" "COMPILER=mb-gcc" "ARCHIVER=mb-ar" "COMPILER_FLAGS=  -O2 -c -mcpu=v11.0 -mlittle-endian -mno-xl-reorder -mno-xl-soft-mul -mxl-barrel-shift -mxl-pattern-compare" "EXTRA_COMPILER_FLAGS=-ffunction-sections -fdata-sections -Wall -Wextra"
"Running Make include in microblaze_0/libsrc/cpu_v2_8/src"
make -C microblaze_0/libsrc/cpu_v2_8/src -s include  "SHELL=CMD" "COMPILER=mb-gcc" "ARCHIVER=mb-ar" "COMPILER_FLAGS=  -O2 -c -mcpu=v11.0 -mlittle-endian -mno-xl-reorder -mno-xl-soft-mul -mxl-barrel-shift -mxl-pattern-compare" "EXTRA_COMPILER_FLAGS=-ffunction-sections -fdata-sections -Wall -Wextra"
"Running Make include in microblaze_0/libsrc/intc_v3_8/src"
make -C microblaze_0/libsrc/intc_v3_8/src -s include  "SHELL=CMD" "COMPILER=mb-gcc" "ARCHIVER=mb-ar" "COMPILER_FLAGS=  -O2 -c -mcpu=v11.0 -mlittle-endian -mno-xl-reorder -mno-xl-soft-mul -mxl-barrel-shift -mxl-pattern-compare" "EXTRA_COMPILER_FLAGS=-ffunction-sections -fdata-sections -Wall -Wextra"
"Running Make include in microblaze_0/libsrc/standalone_v6_8/src"
make -C microblaze_0/libsrc/standalone_v6_8/src -s include  "SHELL=CMD" "COMPILER=mb-gcc" "ARCHIVER=mb-ar" "COMPILER_FLAGS=  -O2 -c -mcpu=v11.0 -mlittle-endian -mno-xl-reorder -mno-xl-soft-mul -mxl-barrel-shift -mxl-pattern-compare" "EXTRA_COMPILER_FLAGS=-ffunction-sections -fdata-sections -Wall -Wextra"
"Running Make libs in microblaze_0/libsrc/bram_v4_2/src"
make -C microblaze_0/libsrc/bram_v4_2/src -s libs  "SHELL=CMD" "COMPILER=mb-gcc" "ARCHIVER=mb-ar" "COMPILER_FLAGS=  -O2 -c -mcpu=v11.0 -mlittle-endian -mno-xl-reorder -mno-xl-soft-mul -mxl-barrel-shift -mxl-pattern-compare" "EXTRA_COMPILER_FLAGS=-ffunction-sections -fdata-sections -Wall -Wextra"
"Compiling bram"
mb-ar: creating ../../../lib/libxil.a
"Running Make libs in microblaze_0/libsrc/cpu_v2_8/src"
make -C microblaze_0/libsrc/cpu_v2_8/src -s libs  "SHELL=CMD" "COMPILER=mb-gcc" "ARCHIVER=mb-ar" "COMPILER_FLAGS=  -O2 -c -mcpu=v11.0 -mlittle-endian -mno-xl-reorder -mno-xl-soft-mul -mxl-barrel-shift -mxl-pattern-compare" "EXTRA_COMPILER_FLAGS=-ffunction-sections -fdata-sections -Wall -Wextra"
"Compiling cpu"
"Running Make libs in microblaze_0/libsrc/intc_v3_8/src"
make -C microblaze_0/libsrc/intc_v3_8/src -s libs  "SHELL=CMD" "COMPILER=mb-gcc" "ARCHIVER=mb-ar" "COMPILER_FLAGS=  -O2 -c -mcpu=v11.0 -mlittle-endian -mno-xl-reorder -mno-xl-soft-mul -mxl-barrel-shift -mxl-pattern-compare" "EXTRA_COMPILER_FLAGS=-ffunction-sections -fdata-sections -Wall -Wextra"
"Compiling intc"
xintc_g.c:57:2: warning: missing initializer for field 'HandlerTable' of 'XIntc_Config {aka struct <anonymous>}' [-Wmissing-field-initializers]
  }
  ^
In file included from xintc_g.c:37:0:
xintc.h:308:25: note: 'HandlerTable' declared here
  XIntc_VectorTableEntry HandlerTable[XPAR_INTC_MAX_NUM_INTR_INPUTS];
                         ^~~~~~~~~~~~
"Running Make libs in microblaze_0/libsrc/standalone_v6_8/src"
make -C microblaze_0/libsrc/standalone_v6_8/src -s libs  "SHELL=CMD" "COMPILER=mb-gcc" "ARCHIVER=mb-ar" "COMPILER_FLAGS=  -O2 -c -mcpu=v11.0 -mlittle-endian -mno-xl-reorder -mno-xl-soft-mul -mxl-barrel-shift -mxl-pattern-compare" "EXTRA_COMPILER_FLAGS=-ffunction-sections -fdata-sections -Wall -Wextra"
"Compiling standalone";
inbyte.c: In function 'inbyte':
inbyte.c:11:1: warning: control reaches end of non-void function [-Wreturn-type]
 }
 ^
outbyte.c: In function 'outbyte':
outbyte.c:11:19: warning: unused parameter 'c' [-Wunused-parameter]
 void outbyte(char c) {
                   ^
microblaze_sleep.c:77:9: note: #pragma message: For the sleep routines, assembly instructions are used
 #pragma message ("For the sleep routines, assembly instructions are used")
         ^~~~~~~
'Finished building libraries'
16:11:41 **** Build of configuration Debug for project VGA ****
make all 
'Building file: ../src/main.c'
'Invoking: MicroBlaze gcc compiler'
mb-gcc -Wall -O0 -g3 -c -fmessage-length=0 -MT"src/main.o" -I../../standalone_bsp_0/microblaze_0/include -mno-xl-reorder -mlittle-endian -mxl-barrel-shift -mxl-pattern-compare -mcpu=v11.0 -mno-xl-soft-mul -Wl,--no-relax -ffunction-sections -fdata-sections -MMD -MP -MF"src/main.d" -MT"src/main.o" -o "src/main.o" "../src/main.c"
'Finished building: ../src/main.c'
' '
'Building target: VGA.elf'
'Invoking: MicroBlaze gcc linker'
mb-gcc -Wl,-T -Wl,../src/lscript.ld -L../../standalone_bsp_0/microblaze_0/lib -mlittle-endian -mxl-barrel-shift -mxl-pattern-compare -mcpu=v11.0 -mno-xl-soft-mul -Wl,--no-relax -Wl,--gc-sections -o "VGA.elf"  ./src/main.o   -Wl,--start-group,-lxil,-lgcc,-lc,--end-group
c:/xilinx/sdk/2018.3/gnu/microblaze/nt/bin/../lib/gcc/microblaze-xilinx-elf/7.3.1/../../../../microblaze-xilinx-elf/bin/ld.exe: VGA.elf section `.rodata' will not fit in region `microblaze_0_local_memory_ilmb_bram_if_cntlr_Mem_microblaze_0_local_memory_dlmb_bram_if_cntlr_Mem'
c:/xilinx/sdk/2018.3/gnu/microblaze/nt/bin/../lib/gcc/microblaze-xilinx-elf/7.3.1/../../../../microblaze-xilinx-elf/bin/ld.exe: region `microblaze_0_local_memory_ilmb_bram_if_cntlr_Mem_microblaze_0_local_memory_dlmb_bram_if_cntlr_Mem' overflowed by 2960 bytes
collect2.exe: error: ld returned 1 exit status
make: *** [makefile:38: VGA.elf] Error 1
16:11:54 **** Clean-only build of configuration Debug for project VGA ****
make clean 
rm -rf  ./src/main.o  ./src/main.d  VGA.elf.size  VGA.elf
' '
16:11:54 **** Auto Build of configuration Debug for project VGA ****
make all 
'Building file: ../src/main.c'
'Invoking: MicroBlaze gcc compiler'
mb-gcc -Wall -O0 -g3 -c -fmessage-length=0 -MT"src/main.o" -I../../standalone_bsp_0/microblaze_0/include -mno-xl-reorder -mlittle-endian -mxl-barrel-shift -mxl-pattern-compare -mcpu=v11.0 -mno-xl-soft-mul -Wl,--no-relax -ffunction-sections -fdata-sections -MMD -MP -MF"src/main.d" -MT"src/main.o" -o "src/main.o" "../src/main.c"
'Finished building: ../src/main.c'
' '
'Building target: VGA.elf'
'Invoking: MicroBlaze gcc linker'
mb-gcc -Wl,-T -Wl,../src/lscript.ld -L../../standalone_bsp_0/microblaze_0/lib -mlittle-endian -mxl-barrel-shift -mxl-pattern-compare -mcpu=v11.0 -mno-xl-soft-mul -Wl,--no-relax -Wl,--gc-sections -o "VGA.elf"  ./src/main.o   -Wl,--start-group,-lxil,-lgcc,-lc,--end-group
'Finished building target: VGA.elf'
' '
'Invoking: MicroBlaze Print Size'
mb-size VGA.elf  |tee "VGA.elf.size"
   text	   data	    bss	    dec	    hex	filename
   8408	    524	   2172	  11104	   2b60	VGA.elf
'Finished building: VGA.elf.size'
' '
16:13:32 **** Incremental Build of configuration Debug for project VGA ****
make all 
make: Nothing to be done for 'all'.
16:13:33 **** Auto Build of configuration Debug for project VGA ****
make all 
make: Nothing to be done for 'all'.
16:20:16 **** Auto Build of configuration Debug for project VGA ****
make all 
'Building file: ../src/main.c'
'Invoking: MicroBlaze gcc compiler'
mb-gcc -Wall -O0 -g3 -c -fmessage-length=0 -MT"src/main.o" -I../../standalone_bsp_0/microblaze_0/include -mno-xl-reorder -mlittle-endian -mxl-barrel-shift -mxl-pattern-compare -mcpu=v11.0 -mno-xl-soft-mul -Wl,--no-relax -ffunction-sections -fdata-sections -MMD -MP -MF"src/main.d" -MT"src/main.o" -o "src/main.o" "../src/main.c"
../src/main.c: In function 'main':
../src/main.c:33:34: error: 'DeviceId' undeclared (first use in this function)
   ConfigPtr = XBram_LookupConfig(DeviceId);
                                  ^~~~~~~~
../src/main.c:33:34: note: each undeclared identifier is reported only once for each function it appears in
make: *** [src/subdir.mk:23: src/main.o] Error 1
16:20:28 **** Auto Build of configuration Debug for project VGA ****
make all 
'Building file: ../src/main.c'
'Invoking: MicroBlaze gcc compiler'
mb-gcc -Wall -O0 -g3 -c -fmessage-length=0 -MT"src/main.o" -I../../standalone_bsp_0/microblaze_0/include -mno-xl-reorder -mlittle-endian -mxl-barrel-shift -mxl-pattern-compare -mcpu=v11.0 -mno-xl-soft-mul -Wl,--no-relax -ffunction-sections -fdata-sections -MMD -MP -MF"src/main.d" -MT"src/main.o" -o "src/main.o" "../src/main.c"
'Finished building: ../src/main.c'
' '
'Building target: VGA.elf'
'Invoking: MicroBlaze gcc linker'
mb-gcc -Wl,-T -Wl,../src/lscript.ld -L../../standalone_bsp_0/microblaze_0/lib -mlittle-endian -mxl-barrel-shift -mxl-pattern-compare -mcpu=v11.0 -mno-xl-soft-mul -Wl,--no-relax -Wl,--gc-sections -o "VGA.elf"  ./src/main.o   -Wl,--start-group,-lxil,-lgcc,-lc,--end-group
'Finished building target: VGA.elf'
' '
'Invoking: MicroBlaze Print Size'
mb-size VGA.elf  |tee "VGA.elf.size"
   text	   data	    bss	    dec	    hex	filename
   2458	    520	   2166	   5144	   1418	VGA.elf
'Finished building: VGA.elf.size'
' '
16:20:32 **** Auto Build of configuration Debug for project VGA ****
make all 
'Building file: ../src/main.c'
'Invoking: MicroBlaze gcc compiler'
mb-gcc -Wall -O0 -g3 -c -fmessage-length=0 -MT"src/main.o" -I../../standalone_bsp_0/microblaze_0/include -mno-xl-reorder -mlittle-endian -mxl-barrel-shift -mxl-pattern-compare -mcpu=v11.0 -mno-xl-soft-mul -Wl,--no-relax -ffunction-sections -fdata-sections -MMD -MP -MF"src/main.d" -MT"src/main.o" -o "src/main.o" "../src/main.c"
'Finished building: ../src/main.c'
' '
'Building target: VGA.elf'
'Invoking: MicroBlaze gcc linker'
mb-gcc -Wl,-T -Wl,../src/lscript.ld -L../../standalone_bsp_0/microblaze_0/lib -mlittle-endian -mxl-barrel-shift -mxl-pattern-compare -mcpu=v11.0 -mno-xl-soft-mul -Wl,--no-relax -Wl,--gc-sections -o "VGA.elf"  ./src/main.o   -Wl,--start-group,-lxil,-lgcc,-lc,--end-group
'Finished building target: VGA.elf'
' '
'Invoking: MicroBlaze Print Size'
mb-size VGA.elf  |tee "VGA.elf.size"
   text	   data	    bss	    dec	    hex	filename
   2458	    520	   2166	   5144	   1418	VGA.elf
'Finished building: VGA.elf.size'
' '
16:25:55 **** Auto Build of configuration Debug for project VGA ****
make all 
'Building file: ../src/main.c'
'Invoking: MicroBlaze gcc compiler'
mb-gcc -Wall -O0 -g3 -c -fmessage-length=0 -MT"src/main.o" -I../../standalone_bsp_0/microblaze_0/include -mno-xl-reorder -mlittle-endian -mxl-barrel-shift -mxl-pattern-compare -mcpu=v11.0 -mno-xl-soft-mul -Wl,--no-relax -ffunction-sections -fdata-sections -MMD -MP -MF"src/main.d" -MT"src/main.o" -o "src/main.o" "../src/main.c"
../src/main.c: In function 'main':
../src/main.c:44:26: warning: left-hand operand of comma expression has no effect [-Wunused-value]
  for(idx = 0; idx < 38400, idx++)
                          ^
../src/main.c:44:33: error: expected ';' before ')' token
  for(idx = 0; idx < 38400, idx++)
                                 ^
make: *** [src/subdir.mk:23: src/main.o] Error 1
16:26:02 **** Auto Build of configuration Debug for project VGA ****
make all 
'Building file: ../src/main.c'
'Invoking: MicroBlaze gcc compiler'
mb-gcc -Wall -O0 -g3 -c -fmessage-length=0 -MT"src/main.o" -I../../standalone_bsp_0/microblaze_0/include -mno-xl-reorder -mlittle-endian -mxl-barrel-shift -mxl-pattern-compare -mcpu=v11.0 -mno-xl-soft-mul -Wl,--no-relax -ffunction-sections -fdata-sections -MMD -MP -MF"src/main.d" -MT"src/main.o" -o "src/main.o" "../src/main.c"
'Finished building: ../src/main.c'
' '
'Building target: VGA.elf'
'Invoking: MicroBlaze gcc linker'
mb-gcc -Wl,-T -Wl,../src/lscript.ld -L../../standalone_bsp_0/microblaze_0/lib -mlittle-endian -mxl-barrel-shift -mxl-pattern-compare -mcpu=v11.0 -mno-xl-soft-mul -Wl,--no-relax -Wl,--gc-sections -o "VGA.elf"  ./src/main.o   -Wl,--start-group,-lxil,-lgcc,-lc,--end-group
'Finished building target: VGA.elf'
' '
'Invoking: MicroBlaze Print Size'
mb-size VGA.elf  |tee "VGA.elf.size"
   text	   data	    bss	    dec	    hex	filename
   2594	    520	   2166	   5280	   14a0	VGA.elf
'Finished building: VGA.elf.size'
' '
16:28:23 **** Incremental Build of configuration Debug for project VGA ****
make all 
make: Nothing to be done for 'all'.
16:28:38 **** Auto Build of configuration Debug for project VGA ****
make all 
'Building file: ../src/main.c'
'Invoking: MicroBlaze gcc compiler'
mb-gcc -Wall -O0 -g3 -c -fmessage-length=0 -MT"src/main.o" -I../../standalone_bsp_0/microblaze_0/include -mno-xl-reorder -mlittle-endian -mxl-barrel-shift -mxl-pattern-compare -mcpu=v11.0 -mno-xl-soft-mul -Wl,--no-relax -ffunction-sections -fdata-sections -MMD -MP -MF"src/main.d" -MT"src/main.o" -o "src/main.o" "../src/main.c"
'Finished building: ../src/main.c'
' '
'Building target: VGA.elf'
'Invoking: MicroBlaze gcc linker'
mb-gcc -Wl,-T -Wl,../src/lscript.ld -L../../standalone_bsp_0/microblaze_0/lib -mlittle-endian -mxl-barrel-shift -mxl-pattern-compare -mcpu=v11.0 -mno-xl-soft-mul -Wl,--no-relax -Wl,--gc-sections -o "VGA.elf"  ./src/main.o   -Wl,--start-group,-lxil,-lgcc,-lc,--end-group
'Finished building target: VGA.elf'
' '
'Invoking: MicroBlaze Print Size'
mb-size VGA.elf  |tee "VGA.elf.size"
   text	   data	    bss	    dec	    hex	filename
   2594	    520	   2166	   5280	   14a0	VGA.elf
'Finished building: VGA.elf.size'
' '
16:28:41 **** Incremental Build of configuration Debug for project VGA ****
make all 
make: Nothing to be done for 'all'.
16:29:03 **** Auto Build of configuration Debug for project VGA ****
make all 
'Building file: ../src/main.c'
'Invoking: MicroBlaze gcc compiler'
mb-gcc -Wall -O0 -g3 -c -fmessage-length=0 -MT"src/main.o" -I../../standalone_bsp_0/microblaze_0/include -mno-xl-reorder -mlittle-endian -mxl-barrel-shift -mxl-pattern-compare -mcpu=v11.0 -mno-xl-soft-mul -Wl,--no-relax -ffunction-sections -fdata-sections -MMD -MP -MF"src/main.d" -MT"src/main.o" -o "src/main.o" "../src/main.c"
'Finished building: ../src/main.c'
' '
'Building target: VGA.elf'
'Invoking: MicroBlaze gcc linker'
mb-gcc -Wl,-T -Wl,../src/lscript.ld -L../../standalone_bsp_0/microblaze_0/lib -mlittle-endian -mxl-barrel-shift -mxl-pattern-compare -mcpu=v11.0 -mno-xl-soft-mul -Wl,--no-relax -Wl,--gc-sections -o "VGA.elf"  ./src/main.o   -Wl,--start-group,-lxil,-lgcc,-lc,--end-group
'Finished building target: VGA.elf'
' '
'Invoking: MicroBlaze Print Size'
mb-size VGA.elf  |tee "VGA.elf.size"
   text	   data	    bss	    dec	    hex	filename
   2594	    520	   2166	   5280	   14a0	VGA.elf
'Finished building: VGA.elf.size'
' '
16:29:05 **** Incremental Build of configuration Debug for project VGA ****
make all 
make: Nothing to be done for 'all'.
16:29:12 **** Auto Build of configuration Debug for project VGA ****
make all 
'Building file: ../src/main.c'
'Invoking: MicroBlaze gcc compiler'
mb-gcc -Wall -O0 -g3 -c -fmessage-length=0 -MT"src/main.o" -I../../standalone_bsp_0/microblaze_0/include -mno-xl-reorder -mlittle-endian -mxl-barrel-shift -mxl-pattern-compare -mcpu=v11.0 -mno-xl-soft-mul -Wl,--no-relax -ffunction-sections -fdata-sections -MMD -MP -MF"src/main.d" -MT"src/main.o" -o "src/main.o" "../src/main.c"
'Finished building: ../src/main.c'
' '
'Building target: VGA.elf'
'Invoking: MicroBlaze gcc linker'
mb-gcc -Wl,-T -Wl,../src/lscript.ld -L../../standalone_bsp_0/microblaze_0/lib -mlittle-endian -mxl-barrel-shift -mxl-pattern-compare -mcpu=v11.0 -mno-xl-soft-mul -Wl,--no-relax -Wl,--gc-sections -o "VGA.elf"  ./src/main.o   -Wl,--start-group,-lxil,-lgcc,-lc,--end-group
'Finished building target: VGA.elf'
' '
'Invoking: MicroBlaze Print Size'
mb-size VGA.elf  |tee "VGA.elf.size"
   text	   data	    bss	    dec	    hex	filename
   2594	    520	   2166	   5280	   14a0	VGA.elf
'Finished building: VGA.elf.size'
' '
16:29:14 **** Incremental Build of configuration Debug for project VGA ****
make all 
make: Nothing to be done for 'all'.
16:30:56 **** Auto Build of configuration Debug for project VGA ****
make all 
'Building file: ../src/main.c'
'Invoking: MicroBlaze gcc compiler'
mb-gcc -Wall -O0 -g3 -c -fmessage-length=0 -MT"src/main.o" -I../../standalone_bsp_0/microblaze_0/include -mno-xl-reorder -mlittle-endian -mxl-barrel-shift -mxl-pattern-compare -mcpu=v11.0 -mno-xl-soft-mul -Wl,--no-relax -ffunction-sections -fdata-sections -MMD -MP -MF"src/main.d" -MT"src/main.o" -o "src/main.o" "../src/main.c"
'Finished building: ../src/main.c'
' '
'Building target: VGA.elf'
'Invoking: MicroBlaze gcc linker'
mb-gcc -Wl,-T -Wl,../src/lscript.ld -L../../standalone_bsp_0/microblaze_0/lib -mlittle-endian -mxl-barrel-shift -mxl-pattern-compare -mcpu=v11.0 -mno-xl-soft-mul -Wl,--no-relax -Wl,--gc-sections -o "VGA.elf"  ./src/main.o   -Wl,--start-group,-lxil,-lgcc,-lc,--end-group
'Finished building target: VGA.elf'
' '
'Invoking: MicroBlaze Print Size'
mb-size VGA.elf  |tee "VGA.elf.size"
   text	   data	    bss	    dec	    hex	filename
   2598	    520	   2162	   5280	   14a0	VGA.elf
'Finished building: VGA.elf.size'
' '
16:30:58 **** Incremental Build of configuration Debug for project VGA ****
make all 
make: Nothing to be done for 'all'.
16:32:13 **** Auto Build of configuration Debug for project VGA ****
make all 
'Building file: ../src/main.c'
'Invoking: MicroBlaze gcc compiler'
mb-gcc -Wall -O0 -g3 -c -fmessage-length=0 -MT"src/main.o" -I../../standalone_bsp_0/microblaze_0/include -mno-xl-reorder -mlittle-endian -mxl-barrel-shift -mxl-pattern-compare -mcpu=v11.0 -mno-xl-soft-mul -Wl,--no-relax -ffunction-sections -fdata-sections -MMD -MP -MF"src/main.d" -MT"src/main.o" -o "src/main.o" "../src/main.c"
'Finished building: ../src/main.c'
' '
'Building target: VGA.elf'
'Invoking: MicroBlaze gcc linker'
mb-gcc -Wl,-T -Wl,../src/lscript.ld -L../../standalone_bsp_0/microblaze_0/lib -mlittle-endian -mxl-barrel-shift -mxl-pattern-compare -mcpu=v11.0 -mno-xl-soft-mul -Wl,--no-relax -Wl,--gc-sections -o "VGA.elf"  ./src/main.o   -Wl,--start-group,-lxil,-lgcc,-lc,--end-group
'Finished building target: VGA.elf'
' '
'Invoking: MicroBlaze Print Size'
mb-size VGA.elf  |tee "VGA.elf.size"
   text	   data	    bss	    dec	    hex	filename
   2598	    520	   2162	   5280	   14a0	VGA.elf
'Finished building: VGA.elf.size'
' '
16:32:16 **** Incremental Build of configuration Debug for project VGA ****
make all 
make: Nothing to be done for 'all'.
16:32:24 **** Auto Build of configuration Debug for project VGA ****
make all 
'Building file: ../src/main.c'
'Invoking: MicroBlaze gcc compiler'
mb-gcc -Wall -O0 -g3 -c -fmessage-length=0 -MT"src/main.o" -I../../standalone_bsp_0/microblaze_0/include -mno-xl-reorder -mlittle-endian -mxl-barrel-shift -mxl-pattern-compare -mcpu=v11.0 -mno-xl-soft-mul -Wl,--no-relax -ffunction-sections -fdata-sections -MMD -MP -MF"src/main.d" -MT"src/main.o" -o "src/main.o" "../src/main.c"
'Finished building: ../src/main.c'
' '
'Building target: VGA.elf'
'Invoking: MicroBlaze gcc linker'
mb-gcc -Wl,-T -Wl,../src/lscript.ld -L../../standalone_bsp_0/microblaze_0/lib -mlittle-endian -mxl-barrel-shift -mxl-pattern-compare -mcpu=v11.0 -mno-xl-soft-mul -Wl,--no-relax -Wl,--gc-sections -o "VGA.elf"  ./src/main.o   -Wl,--start-group,-lxil,-lgcc,-lc,--end-group
'Finished building target: VGA.elf'
' '
'Invoking: MicroBlaze Print Size'
mb-size VGA.elf  |tee "VGA.elf.size"
   text	   data	    bss	    dec	    hex	filename
   2598	    520	   2162	   5280	   14a0	VGA.elf
'Finished building: VGA.elf.size'
' '
16:32:28 **** Incremental Build of configuration Debug for project VGA ****
make all 
make: Nothing to be done for 'all'.
16:33:01 **** Auto Build of configuration Debug for project VGA ****
make all 
'Building file: ../src/main.c'
'Invoking: MicroBlaze gcc compiler'
mb-gcc -Wall -O0 -g3 -c -fmessage-length=0 -MT"src/main.o" -I../../standalone_bsp_0/microblaze_0/include -mno-xl-reorder -mlittle-endian -mxl-barrel-shift -mxl-pattern-compare -mcpu=v11.0 -mno-xl-soft-mul -Wl,--no-relax -ffunction-sections -fdata-sections -MMD -MP -MF"src/main.d" -MT"src/main.o" -o "src/main.o" "../src/main.c"
'Finished building: ../src/main.c'
' '
'Building target: VGA.elf'
'Invoking: MicroBlaze gcc linker'
mb-gcc -Wl,-T -Wl,../src/lscript.ld -L../../standalone_bsp_0/microblaze_0/lib -mlittle-endian -mxl-barrel-shift -mxl-pattern-compare -mcpu=v11.0 -mno-xl-soft-mul -Wl,--no-relax -Wl,--gc-sections -o "VGA.elf"  ./src/main.o   -Wl,--start-group,-lxil,-lgcc,-lc,--end-group
'Finished building target: VGA.elf'
' '
'Invoking: MicroBlaze Print Size'
mb-size VGA.elf  |tee "VGA.elf.size"
   text	   data	    bss	    dec	    hex	filename
   2594	    520	   2166	   5280	   14a0	VGA.elf
'Finished building: VGA.elf.size'
' '
16:33:04 **** Incremental Build of configuration Debug for project VGA ****
make all 
make: Nothing to be done for 'all'.
16:53:42 **** Auto Build of configuration Debug for project VGA ****
make all 
'Building file: ../src/main.c'
'Invoking: MicroBlaze gcc compiler'
mb-gcc -Wall -O0 -g3 -c -fmessage-length=0 -MT"src/main.o" -I../../standalone_bsp_0/microblaze_0/include -mno-xl-reorder -mlittle-endian -mxl-barrel-shift -mxl-pattern-compare -mcpu=v11.0 -mno-xl-soft-mul -Wl,--no-relax -ffunction-sections -fdata-sections -MMD -MP -MF"src/main.d" -MT"src/main.o" -o "src/main.o" "../src/main.c"
'Finished building: ../src/main.c'
' '
'Building target: VGA.elf'
'Invoking: MicroBlaze gcc linker'
mb-gcc -Wl,-T -Wl,../src/lscript.ld -L../../standalone_bsp_0/microblaze_0/lib -mlittle-endian -mxl-barrel-shift -mxl-pattern-compare -mcpu=v11.0 -mno-xl-soft-mul -Wl,--no-relax -Wl,--gc-sections -o "VGA.elf"  ./src/main.o   -Wl,--start-group,-lxil,-lgcc,-lc,--end-group
'Finished building target: VGA.elf'
' '
'Invoking: MicroBlaze Print Size'
mb-size VGA.elf  |tee "VGA.elf.size"
   text	   data	    bss	    dec	    hex	filename
   2594	    520	   2166	   5280	   14a0	VGA.elf
'Finished building: VGA.elf.size'
' '
16:53:44 **** Incremental Build of configuration Debug for project VGA ****
make all 
make: Nothing to be done for 'all'.
16:54:39 **** Auto Build of configuration Debug for project VGA ****
make all 
'Building file: ../src/main.c'
'Invoking: MicroBlaze gcc compiler'
mb-gcc -Wall -O0 -g3 -c -fmessage-length=0 -MT"src/main.o" -I../../standalone_bsp_0/microblaze_0/include -mno-xl-reorder -mlittle-endian -mxl-barrel-shift -mxl-pattern-compare -mcpu=v11.0 -mno-xl-soft-mul -Wl,--no-relax -ffunction-sections -fdata-sections -MMD -MP -MF"src/main.d" -MT"src/main.o" -o "src/main.o" "../src/main.c"
'Finished building: ../src/main.c'
' '
'Building target: VGA.elf'
'Invoking: MicroBlaze gcc linker'
mb-gcc -Wl,-T -Wl,../src/lscript.ld -L../../standalone_bsp_0/microblaze_0/lib -mlittle-endian -mxl-barrel-shift -mxl-pattern-compare -mcpu=v11.0 -mno-xl-soft-mul -Wl,--no-relax -Wl,--gc-sections -o "VGA.elf"  ./src/main.o   -Wl,--start-group,-lxil,-lgcc,-lc,--end-group
'Finished building target: VGA.elf'
' '
'Invoking: MicroBlaze Print Size'
mb-size VGA.elf  |tee "VGA.elf.size"
   text	   data	    bss	    dec	    hex	filename
   2594	    520	   2166	   5280	   14a0	VGA.elf
'Finished building: VGA.elf.size'
' '
16:54:41 **** Incremental Build of configuration Debug for project VGA ****
make all 
make: Nothing to be done for 'all'.
16:54:51 **** Auto Build of configuration Debug for project VGA ****
make all 
'Building file: ../src/main.c'
'Invoking: MicroBlaze gcc compiler'
mb-gcc -Wall -O0 -g3 -c -fmessage-length=0 -MT"src/main.o" -I../../standalone_bsp_0/microblaze_0/include -mno-xl-reorder -mlittle-endian -mxl-barrel-shift -mxl-pattern-compare -mcpu=v11.0 -mno-xl-soft-mul -Wl,--no-relax -ffunction-sections -fdata-sections -MMD -MP -MF"src/main.d" -MT"src/main.o" -o "src/main.o" "../src/main.c"
'Finished building: ../src/main.c'
' '
'Building target: VGA.elf'
'Invoking: MicroBlaze gcc linker'
mb-gcc -Wl,-T -Wl,../src/lscript.ld -L../../standalone_bsp_0/microblaze_0/lib -mlittle-endian -mxl-barrel-shift -mxl-pattern-compare -mcpu=v11.0 -mno-xl-soft-mul -Wl,--no-relax -Wl,--gc-sections -o "VGA.elf"  ./src/main.o   -Wl,--start-group,-lxil,-lgcc,-lc,--end-group
'Finished building target: VGA.elf'
' '
'Invoking: MicroBlaze Print Size'
mb-size VGA.elf  |tee "VGA.elf.size"
   text	   data	    bss	    dec	    hex	filename
   2594	    520	   2166	   5280	   14a0	VGA.elf
'Finished building: VGA.elf.size'
' '
16:54:54 **** Incremental Build of configuration Debug for project VGA ****
make all 
make: Nothing to be done for 'all'.
16:56:15 **** Auto Build of configuration Debug for project VGA ****
make all 
'Building file: ../src/main.c'
'Invoking: MicroBlaze gcc compiler'
mb-gcc -Wall -O0 -g3 -c -fmessage-length=0 -MT"src/main.o" -I../../standalone_bsp_0/microblaze_0/include -mno-xl-reorder -mlittle-endian -mxl-barrel-shift -mxl-pattern-compare -mcpu=v11.0 -mno-xl-soft-mul -Wl,--no-relax -ffunction-sections -fdata-sections -MMD -MP -MF"src/main.d" -MT"src/main.o" -o "src/main.o" "../src/main.c"
'Finished building: ../src/main.c'
' '
'Building target: VGA.elf'
'Invoking: MicroBlaze gcc linker'
mb-gcc -Wl,-T -Wl,../src/lscript.ld -L../../standalone_bsp_0/microblaze_0/lib -mlittle-endian -mxl-barrel-shift -mxl-pattern-compare -mcpu=v11.0 -mno-xl-soft-mul -Wl,--no-relax -Wl,--gc-sections -o "VGA.elf"  ./src/main.o   -Wl,--start-group,-lxil,-lgcc,-lc,--end-group
'Finished building target: VGA.elf'
' '
'Invoking: MicroBlaze Print Size'
mb-size VGA.elf  |tee "VGA.elf.size"
   text	   data	    bss	    dec	    hex	filename
   2590	    520	   2162	   5272	   1498	VGA.elf
'Finished building: VGA.elf.size'
' '
16:56:16 **** Incremental Build of configuration Debug for project VGA ****
make all 
make: Nothing to be done for 'all'.
16:56:33 **** Auto Build of configuration Debug for project VGA ****
make all 
'Building file: ../src/main.c'
'Invoking: MicroBlaze gcc compiler'
mb-gcc -Wall -O0 -g3 -c -fmessage-length=0 -MT"src/main.o" -I../../standalone_bsp_0/microblaze_0/include -mno-xl-reorder -mlittle-endian -mxl-barrel-shift -mxl-pattern-compare -mcpu=v11.0 -mno-xl-soft-mul -Wl,--no-relax -ffunction-sections -fdata-sections -MMD -MP -MF"src/main.d" -MT"src/main.o" -o "src/main.o" "../src/main.c"
'Finished building: ../src/main.c'
' '
'Building target: VGA.elf'
'Invoking: MicroBlaze gcc linker'
mb-gcc -Wl,-T -Wl,../src/lscript.ld -L../../standalone_bsp_0/microblaze_0/lib -mlittle-endian -mxl-barrel-shift -mxl-pattern-compare -mcpu=v11.0 -mno-xl-soft-mul -Wl,--no-relax -Wl,--gc-sections -o "VGA.elf"  ./src/main.o   -Wl,--start-group,-lxil,-lgcc,-lc,--end-group
'Finished building target: VGA.elf'
' '
'Invoking: MicroBlaze Print Size'
mb-size VGA.elf  |tee "VGA.elf.size"
   text	   data	    bss	    dec	    hex	filename
   2590	    520	   2162	   5272	   1498	VGA.elf
'Finished building: VGA.elf.size'
' '
16:56:34 **** Incremental Build of configuration Debug for project VGA ****
make all 
make: Nothing to be done for 'all'.
16:56:44 **** Auto Build of configuration Debug for project VGA ****
make all 
'Building file: ../src/main.c'
'Invoking: MicroBlaze gcc compiler'
mb-gcc -Wall -O0 -g3 -c -fmessage-length=0 -MT"src/main.o" -I../../standalone_bsp_0/microblaze_0/include -mno-xl-reorder -mlittle-endian -mxl-barrel-shift -mxl-pattern-compare -mcpu=v11.0 -mno-xl-soft-mul -Wl,--no-relax -ffunction-sections -fdata-sections -MMD -MP -MF"src/main.d" -MT"src/main.o" -o "src/main.o" "../src/main.c"
'Finished building: ../src/main.c'
' '
'Building target: VGA.elf'
'Invoking: MicroBlaze gcc linker'
mb-gcc -Wl,-T -Wl,../src/lscript.ld -L../../standalone_bsp_0/microblaze_0/lib -mlittle-endian -mxl-barrel-shift -mxl-pattern-compare -mcpu=v11.0 -mno-xl-soft-mul -Wl,--no-relax -Wl,--gc-sections -o "VGA.elf"  ./src/main.o   -Wl,--start-group,-lxil,-lgcc,-lc,--end-group
'Finished building target: VGA.elf'
' '
'Invoking: MicroBlaze Print Size'
mb-size VGA.elf  |tee "VGA.elf.size"
   text	   data	    bss	    dec	    hex	filename
   2590	    520	   2162	   5272	   1498	VGA.elf
'Finished building: VGA.elf.size'
' '
16:56:46 **** Incremental Build of configuration Debug for project VGA ****
make all 
make: Nothing to be done for 'all'.
16:56:59 **** Auto Build of configuration Debug for project VGA ****
make all 
'Building file: ../src/main.c'
'Invoking: MicroBlaze gcc compiler'
mb-gcc -Wall -O0 -g3 -c -fmessage-length=0 -MT"src/main.o" -I../../standalone_bsp_0/microblaze_0/include -mno-xl-reorder -mlittle-endian -mxl-barrel-shift -mxl-pattern-compare -mcpu=v11.0 -mno-xl-soft-mul -Wl,--no-relax -ffunction-sections -fdata-sections -MMD -MP -MF"src/main.d" -MT"src/main.o" -o "src/main.o" "../src/main.c"
'Finished building: ../src/main.c'
' '
'Building target: VGA.elf'
'Invoking: MicroBlaze gcc linker'
mb-gcc -Wl,-T -Wl,../src/lscript.ld -L../../standalone_bsp_0/microblaze_0/lib -mlittle-endian -mxl-barrel-shift -mxl-pattern-compare -mcpu=v11.0 -mno-xl-soft-mul -Wl,--no-relax -Wl,--gc-sections -o "VGA.elf"  ./src/main.o   -Wl,--start-group,-lxil,-lgcc,-lc,--end-group
'Finished building target: VGA.elf'
' '
'Invoking: MicroBlaze Print Size'
mb-size VGA.elf  |tee "VGA.elf.size"
   text	   data	    bss	    dec	    hex	filename
   2594	    520	   2166	   5280	   14a0	VGA.elf
'Finished building: VGA.elf.size'
' '
16:57:00 **** Incremental Build of configuration Debug for project VGA ****
make all 
make: Nothing to be done for 'all'.
16:58:37 **** Auto Build of configuration Debug for project VGA ****
make all 
'Building file: ../src/main.c'
'Invoking: MicroBlaze gcc compiler'
mb-gcc -Wall -O0 -g3 -c -fmessage-length=0 -MT"src/main.o" -I../../standalone_bsp_0/microblaze_0/include -mno-xl-reorder -mlittle-endian -mxl-barrel-shift -mxl-pattern-compare -mcpu=v11.0 -mno-xl-soft-mul -Wl,--no-relax -ffunction-sections -fdata-sections -MMD -MP -MF"src/main.d" -MT"src/main.o" -o "src/main.o" "../src/main.c"
'Finished building: ../src/main.c'
' '
'Building target: VGA.elf'
'Invoking: MicroBlaze gcc linker'
mb-gcc -Wl,-T -Wl,../src/lscript.ld -L../../standalone_bsp_0/microblaze_0/lib -mlittle-endian -mxl-barrel-shift -mxl-pattern-compare -mcpu=v11.0 -mno-xl-soft-mul -Wl,--no-relax -Wl,--gc-sections -o "VGA.elf"  ./src/main.o   -Wl,--start-group,-lxil,-lgcc,-lc,--end-group
'Finished building target: VGA.elf'
' '
'Invoking: MicroBlaze Print Size'
mb-size VGA.elf  |tee "VGA.elf.size"
   text	   data	    bss	    dec	    hex	filename
   2598	    520	   2162	   5280	   14a0	VGA.elf
'Finished building: VGA.elf.size'
' '
16:58:39 **** Incremental Build of configuration Debug for project VGA ****
make all 
make: Nothing to be done for 'all'.
16:58:47 **** Auto Build of configuration Debug for project VGA ****
make all 
'Building file: ../src/main.c'
'Invoking: MicroBlaze gcc compiler'
mb-gcc -Wall -O0 -g3 -c -fmessage-length=0 -MT"src/main.o" -I../../standalone_bsp_0/microblaze_0/include -mno-xl-reorder -mlittle-endian -mxl-barrel-shift -mxl-pattern-compare -mcpu=v11.0 -mno-xl-soft-mul -Wl,--no-relax -ffunction-sections -fdata-sections -MMD -MP -MF"src/main.d" -MT"src/main.o" -o "src/main.o" "../src/main.c"
'Finished building: ../src/main.c'
' '
'Building target: VGA.elf'
'Invoking: MicroBlaze gcc linker'
mb-gcc -Wl,-T -Wl,../src/lscript.ld -L../../standalone_bsp_0/microblaze_0/lib -mlittle-endian -mxl-barrel-shift -mxl-pattern-compare -mcpu=v11.0 -mno-xl-soft-mul -Wl,--no-relax -Wl,--gc-sections -o "VGA.elf"  ./src/main.o   -Wl,--start-group,-lxil,-lgcc,-lc,--end-group
'Finished building target: VGA.elf'
' '
'Invoking: MicroBlaze Print Size'
mb-size VGA.elf  |tee "VGA.elf.size"
   text	   data	    bss	    dec	    hex	filename
   2594	    520	   2166	   5280	   14a0	VGA.elf
'Finished building: VGA.elf.size'
' '
16:59:02 **** Auto Build of configuration Debug for project VGA ****
make all 
'Building file: ../src/main.c'
'Invoking: MicroBlaze gcc compiler'
mb-gcc -Wall -O0 -g3 -c -fmessage-length=0 -MT"src/main.o" -I../../standalone_bsp_0/microblaze_0/include -mno-xl-reorder -mlittle-endian -mxl-barrel-shift -mxl-pattern-compare -mcpu=v11.0 -mno-xl-soft-mul -Wl,--no-relax -ffunction-sections -fdata-sections -MMD -MP -MF"src/main.d" -MT"src/main.o" -o "src/main.o" "../src/main.c"
'Finished building: ../src/main.c'
' '
'Building target: VGA.elf'
'Invoking: MicroBlaze gcc linker'
mb-gcc -Wl,-T -Wl,../src/lscript.ld -L../../standalone_bsp_0/microblaze_0/lib -mlittle-endian -mxl-barrel-shift -mxl-pattern-compare -mcpu=v11.0 -mno-xl-soft-mul -Wl,--no-relax -Wl,--gc-sections -o "VGA.elf"  ./src/main.o   -Wl,--start-group,-lxil,-lgcc,-lc,--end-group
'Finished building target: VGA.elf'
' '
'Invoking: MicroBlaze Print Size'
mb-size VGA.elf  |tee "VGA.elf.size"
   text	   data	    bss	    dec	    hex	filename
   2594	    520	   2166	   5280	   14a0	VGA.elf
'Finished building: VGA.elf.size'
' '
16:59:08 **** Auto Build of configuration Debug for project VGA ****
make all 
'Building file: ../src/main.c'
'Invoking: MicroBlaze gcc compiler'
mb-gcc -Wall -O0 -g3 -c -fmessage-length=0 -MT"src/main.o" -I../../standalone_bsp_0/microblaze_0/include -mno-xl-reorder -mlittle-endian -mxl-barrel-shift -mxl-pattern-compare -mcpu=v11.0 -mno-xl-soft-mul -Wl,--no-relax -ffunction-sections -fdata-sections -MMD -MP -MF"src/main.d" -MT"src/main.o" -o "src/main.o" "../src/main.c"
In file included from ../../standalone_bsp_0/microblaze_0/include/xbram.h:135:0,
                 from ../src/main.c:9:
../src/main.c: In function 'main':
../src/main.c:46:39: error: invalid suffix "_0000" on integer constant
   XBram_WriteReg(BRAM_BASE_ADDR, idx, 0xF000_0000);
                                       ^
../../standalone_bsp_0/microblaze_0/include/xbram_hw.h:375:49: note: in definition of macro 'XBram_WriteReg'
  XBram_Out32((BaseAddress) + (RegOffset), (u32)(Data))
                                                 ^~~~
make: *** [src/subdir.mk:23: src/main.o] Error 1
16:59:10 **** Auto Build of configuration Debug for project VGA ****
make all 
'Building file: ../src/main.c'
'Invoking: MicroBlaze gcc compiler'
mb-gcc -Wall -O0 -g3 -c -fmessage-length=0 -MT"src/main.o" -I../../standalone_bsp_0/microblaze_0/include -mno-xl-reorder -mlittle-endian -mxl-barrel-shift -mxl-pattern-compare -mcpu=v11.0 -mno-xl-soft-mul -Wl,--no-relax -ffunction-sections -fdata-sections -MMD -MP -MF"src/main.d" -MT"src/main.o" -o "src/main.o" "../src/main.c"
'Finished building: ../src/main.c'
' '
'Building target: VGA.elf'
'Invoking: MicroBlaze gcc linker'
mb-gcc -Wl,-T -Wl,../src/lscript.ld -L../../standalone_bsp_0/microblaze_0/lib -mlittle-endian -mxl-barrel-shift -mxl-pattern-compare -mcpu=v11.0 -mno-xl-soft-mul -Wl,--no-relax -Wl,--gc-sections -o "VGA.elf"  ./src/main.o   -Wl,--start-group,-lxil,-lgcc,-lc,--end-group
'Finished building target: VGA.elf'
' '
'Invoking: MicroBlaze Print Size'
mb-size VGA.elf  |tee "VGA.elf.size"
   text	   data	    bss	    dec	    hex	filename
   2598	    520	   2162	   5280	   14a0	VGA.elf
'Finished building: VGA.elf.size'
' '
16:59:12 **** Incremental Build of configuration Debug for project VGA ****
make all 
make: Nothing to be done for 'all'.
